Archive member included to satisfy reference by file (symbol)

C:\Users\student\Documents\mcu\Lib_CMSISv1p30_LPC17xx\Debug\libCMSISv1p30_LPC17xx.a(system_LPC17xx.o)
                              ./src/mainApp.o (SystemCoreClock)
C:\Users\student\Documents\mcu\Lib_FatFs_SD\Debug\libLib_FatFs_SD.a(ff.o)
                              ./src/mainApp.o (f_mount)
C:\Users\student\Documents\mcu\Lib_FatFs_SD\Debug\libLib_FatFs_SD.a(mmc.o)
                              ./src/mainApp.o (disk_initialize)
C:\Users\student\Documents\mcu\Lib_EaBaseBoard\Debug\libLib_EaBaseBoard.a(eeprom.o)
                              ./src/mainApp.o (eeprom_read)
C:\Users\student\Documents\mcu\Lib_EaBaseBoard\Debug\libLib_EaBaseBoard.a(joystick.o)
                              ./src/mainApp.o (joystick_init)
C:\Users\student\Documents\mcu\Lib_EaBaseBoard\Debug\libLib_EaBaseBoard.a(oled.o)
                              ./src/mainApp.o (oled_init)
C:\Users\student\Documents\mcu\Lib_EaBaseBoard\Debug\libLib_EaBaseBoard.a(font5x7.o)
                              C:\Users\student\Documents\mcu\Lib_EaBaseBoard\Debug\libLib_EaBaseBoard.a(oled.o) (font5x7)
C:\Users\student\Documents\mcu\Lib_MCU\Debug\libLib_MCU.a(lpc17xx_adc.o)
                              ./src/mainApp.o (ADC_Init)
C:\Users\student\Documents\mcu\Lib_MCU\Debug\libLib_MCU.a(lpc17xx_clkpwr.o)
                              C:\Users\student\Documents\mcu\Lib_MCU\Debug\libLib_MCU.a(lpc17xx_adc.o) (CLKPWR_GetPCLK)
C:\Users\student\Documents\mcu\Lib_MCU\Debug\libLib_MCU.a(lpc17xx_dac.o)
                              ./src/mainApp.o (DAC_Init)
C:\Users\student\Documents\mcu\Lib_MCU\Debug\libLib_MCU.a(lpc17xx_gpio.o)
                              ./src/mainApp.o (GPIO_SetDir)
C:\Users\student\Documents\mcu\Lib_MCU\Debug\libLib_MCU.a(lpc17xx_i2c.o)
                              ./src/mainApp.o (I2C_Init)
C:\Users\student\Documents\mcu\Lib_MCU\Debug\libLib_MCU.a(lpc17xx_libcfg_default.o)
                              C:\Users\student\Documents\mcu\Lib_MCU\Debug\libLib_MCU.a(lpc17xx_adc.o) (check_failed)
C:\Users\student\Documents\mcu\Lib_MCU\Debug\libLib_MCU.a(lpc17xx_pinsel.o)
                              ./src/mainApp.o (PINSEL_ConfigPin)
C:\Users\student\Documents\mcu\Lib_MCU\Debug\libLib_MCU.a(lpc17xx_rtc.o)
                              ./src/mainApp.o (RTC_Init)
C:\Users\student\Documents\mcu\Lib_MCU\Debug\libLib_MCU.a(lpc17xx_ssp.o)
                              ./src/mainApp.o (SSP_Init)
C:\Users\student\Documents\mcu\Lib_MCU\Debug\libLib_MCU.a(lpc17xx_timer.o)
                              ./src/wavReader.o (TIM_ClearIntPending)
C:\Users\student\Documents\mcu\Lib_MCU\Debug\libLib_MCU.a(lpc17xx_uart.o)
                              ./src/mainApp.o (UART_Init)
c:/nxp/mcuxpressoide_10.3.0_2200/ide/plugins/com.nxp.mcuxpresso.tools.win32_10.3.0.201811011841/tools/bin/../lib/gcc/arm-none-eabi/7.3.1/thumb/v7-m\libgcc.a(_arm_addsubdf3.o)
                              ./src/wavReader.o (__aeabi_ui2d)
c:/nxp/mcuxpressoide_10.3.0_2200/ide/plugins/com.nxp.mcuxpresso.tools.win32_10.3.0.201811011841/tools/bin/../lib/gcc/arm-none-eabi/7.3.1/thumb/v7-m\libgcc.a(_arm_muldivdf3.o)
                              ./src/wavReader.o (__aeabi_dmul)
c:/nxp/mcuxpressoide_10.3.0_2200/ide/plugins/com.nxp.mcuxpresso.tools.win32_10.3.0.201811011841/tools/bin/../lib/gcc/arm-none-eabi/7.3.1/thumb/v7-m\libgcc.a(_arm_fixunsdfsi.o)
                              ./src/wavReader.o (__aeabi_d2uiz)
c:/nxp/mcuxpressoide_10.3.0_2200/ide/plugins/com.nxp.mcuxpresso.tools.win32_10.3.0.201811011841/tools/bin/../lib/gcc/arm-none-eabi/7.3.1/thumb/v7-m\libgcc.a(_arm_addsubsf3.o)
                              ./src/wave.o (__aeabi_ui2f)
c:/nxp/mcuxpressoide_10.3.0_2200/ide/plugins/com.nxp.mcuxpresso.tools.win32_10.3.0.201811011841/tools/bin/../lib/gcc/arm-none-eabi/7.3.1/thumb/v7-m\libgcc.a(_arm_muldivsf3.o)
                              ./src/wave.o (__aeabi_fdiv)
c:/nxp/mcuxpressoide_10.3.0_2200/ide/plugins/com.nxp.mcuxpresso.tools.win32_10.3.0.201811011841/tools/bin/../lib/gcc/arm-none-eabi/7.3.1/thumb/v7-m\libgcc.a(_aeabi_uldivmod.o)
                              C:\Users\student\Documents\mcu\Lib_CMSISv1p30_LPC17xx\Debug\libCMSISv1p30_LPC17xx.a(system_LPC17xx.o) (__aeabi_uldivmod)
c:/nxp/mcuxpressoide_10.3.0_2200/ide/plugins/com.nxp.mcuxpresso.tools.win32_10.3.0.201811011841/tools/bin/../lib/gcc/arm-none-eabi/7.3.1/thumb/v7-m\libgcc.a(_udivmoddi4.o)
                              c:/nxp/mcuxpressoide_10.3.0_2200/ide/plugins/com.nxp.mcuxpresso.tools.win32_10.3.0.201811011841/tools/bin/../lib/gcc/arm-none-eabi/7.3.1/thumb/v7-m\libgcc.a(_aeabi_uldivmod.o) (__udivmoddi4)
c:/nxp/mcuxpressoide_10.3.0_2200/ide/plugins/com.nxp.mcuxpresso.tools.win32_10.3.0.201811011841/tools/bin/../lib/gcc/arm-none-eabi/7.3.1/thumb/v7-m\libgcc.a(_dvmd_tls.o)
[...]
Memory Configuration

Name             Origin             Length             Attributes
MFlash512        0x00000000         0x00080000         xr
RamLoc32         0x10000000         0x00008000         xrw
RamAHB32         0x2007c000         0x00008000         xrw
*default*        0x00000000         0xffffffff

Linker script and memory map

LOAD ./src/cr_startup_lpc17.o
LOAD ./src/mainApp.o
LOAD ./src/wavReader.o
LOAD ./src/wave.o
LOAD C:\Users\student\Documents\mcu\Lib_CMSISv1p30_LPC17xx\Debug\libCMSISv1p30_LPC17xx.a
LOAD C:\Users\student\Documents\mcu\Lib_FatFs_SD\Debug\libLib_FatFs_SD.a
LOAD C:\Users\student\Documents\mcu\Lib_EaBaseBoard\Debug\libLib_EaBaseBoard.a
LOAD C:\Users\student\Documents\mcu\Lib_MCU\Debug\libLib_MCU.a
START GROUP
LOAD c:/nxp/mcuxpressoide_10.3.0_2200/ide/plugins/com.nxp.mcuxpresso.tools.win32_10.3.0.201811011841/tools/bin/../lib/gcc/arm-none-eabi/7.3.1/thumb/v7-m\libgcc.a
LOAD c:/nxp/mcuxpressoide_10.3.0_2200/ide/plugins/com.nxp.mcuxpresso.tools.win32_10.3.0.201811011841/tools/bin/../lib/gcc/arm-none-eabi/7.3.1/../../../../arm-none-eabi/lib/thumb/v7-m\libc.a
LOAD c:/nxp/mcuxpressoide_10.3.0_2200/ide/plugins/com.nxp.mcuxpresso.tools.win32_10.3.0.201811011841/tools/bin/../lib/gcc/arm-none-eabi/7.3.1/../../../../arm-none-eabi/lib/thumb/v7-m\libm.a
LOAD c:/nxp/mcuxpressoide_10.3.0_2200/ide/plugins/com.nxp.mcuxpresso.tools.win32_10.3.0.201811011841/tools/bin/../lib/gcc/arm-none-eabi/7.3.1/../../../../arm-none-eabi/lib/thumb/v7-m\libcr_newlib_semihost.a
END GROUP
                0x00000000                __base_MFlash512 = 0x0
                0x00000000                __base_Flash = 0x0
                0x00080000                __top_MFlash512 = 0x80000
                0x00080000                __top_Flash = 0x80000
                0x10000000                __base_RamLoc32 = 0x10000000
                0x10000000                __base_RAM = 0x10000000
                0x10008000                __top_RamLoc32 = 0x10008000
                0x10008000                __top_RAM = 0x10008000
                0x2007c000                __base_RamAHB32 = 0x2007c000
                0x2007c000                __base_RAM2 = 0x2007c000
                0x20084000                __top_RamAHB32 = 0x20084000
                0x20084000                __top_RAM2 = 0x20084000

.text           0x00000000     0xc438
 FILL mask 0xff
                0x00000000                __vectors_start__ = ABSOLUTE (.)
 *(.isr_vector)
 .isr_vector    0x00000000       0xcc ./src/cr_startup_lpc17.o
                0x00000000                g_pfnVectors
                0x000000cc                . = ALIGN (0x4)
                0x000000cc                __section_table_start = .
                0x000000cc                __data_section_table = .
                0x000000cc        0x4 LONG 0xc440 LOADADDR (.data)
                0x000000d0        0x4 LONG 0x10000000 ADDR (.data)
                0x000000d4        0x4 LONG 0x9bc SIZEOF (.data)
                0x000000d8        0x4 LONG 0xc440 LOADADDR (.data_RAM2)
                0x000000dc        0x4 LONG 0x2007c000 ADDR (.data_RAM2)
                0x000000e0        0x4 LONG 0x0 SIZEOF (.data_RAM2)
                0x000000e4                __data_section_table_end = .
                0x000000e4                __bss_section_table = .
                0x000000e4        0x4 LONG 0x100009bc ADDR (.bss)
                0x000000e8        0x4 LONG 0x2858 SIZEOF (.bss)
                0x000000ec        0x4 LONG 0x2007c000 ADDR (.bss_RAM2)
                0x000000f0        0x4 LONG 0x0 SIZEOF (.bss_RAM2)
                0x000000f4                __bss_section_table_end = .
                0x000000f4                __section_table_end = .
 *(.after_vectors*)
 *(.text*)
 .text.ResetISR
                0x000000f4       0x58 ./src/cr_startup_lpc17.o
                0x000000f4                ResetISR
 .text.NMI_Handler
                0x0000014c        0x6 ./src/cr_startup_lpc17.o
                0x0000014c                NMI_Handler
 .text.HardFault_Handler
                0x00000152        0x6 ./src/cr_startup_lpc17.o
                0x00000152                HardFault_Handler
 .text.MemManage_Handler
                0x00000158        0x6 ./src/cr_startup_lpc17.o
                0x00000158                MemManage_Handler
 .text.BusFault_Handler
                0x0000015e        0x6 ./src/cr_startup_lpc17.o
                0x0000015e                BusFault_Handler
 .text.UsageFault_Handler
                0x00000164        0x6 ./src/cr_startup_lpc17.o
                0x00000164                UsageFault_Handler
 .text.SVCall_Handler
                0x0000016a        0x6 ./src/cr_startup_lpc17.o
                0x0000016a                SVCall_Handler
 .text.DebugMon_Handler
                0x00000170        0x6 ./src/cr_startup_lpc17.o
                0x00000170                DebugMon_Handler
 .text.PendSV_Handler
                0x00000176        0x6 ./src/cr_startup_lpc17.o
                0x00000176                PendSV_Handler
 .text.IntDefaultHandler
                0x0000017c        0x6 ./src/cr_startup_lpc17.o
                0x0000017c                TIMER2_IRQHandler
                0x0000017c                RIT_IRQHandler
                0x0000017c                I2C0_IRQHandler
                0x0000017c                USBActivity_IRQHandler
                0x0000017c                PWM1_IRQHandler
                0x0000017c                I2C1_IRQHandler
                0x0000017c                EINT2_IRQHandler
                0x0000017c                UART1_IRQHandler
                0x0000017c                CANActivity_IRQHandler
                0x0000017c                TIMER3_IRQHandler
                0x0000017c                UART0_IRQHandler
                0x0000017c                IntDefaultHandler
                0x0000017c                PLL0_IRQHandler
                0x0000017c                CAN_IRQHandler
                0x0000017c                PLL1_IRQHandler
                0x0000017c                SSP0_IRQHandler
                0x0000017c                I2S_IRQHandler
                0x0000017c                I2C2_IRQHandler
                0x0000017c                RTC_IRQHandler
                0x0000017c                TIMER0_IRQHandler
                0x0000017c                SPI_IRQHandler
                0x0000017c                EINT1_IRQHandler
                0x0000017c                UART2_IRQHandler
                0x0000017c                ADC_IRQHandler
                0x0000017c                SSP1_IRQHandler
                0x0000017c                USB_IRQHandler
                0x0000017c                BOD_IRQHandler
                0x0000017c                WDT_IRQHandler
                0x0000017c                QEI_IRQHandler
                0x0000017c                EINT0_IRQHandler
                0x0000017c                DMA_IRQHandler
                0x0000017c                UART3_IRQHandler
                0x0000017c                MCPWM_IRQHandler
                0x0000017c                ENET_IRQHandler
 *fill*         0x00000182        0x2 ff
 .text.NVIC_EnableIRQ
                0x00000184       0x30 ./src/mainApp.o
 .text.NVIC_ClearPendingIRQ
                0x000001b4       0x34 ./src/mainApp.o
 .text.NVIC_SetPriority
                0x000001e8       0x54 ./src/mainApp.o
 .text.SysTick_Config
                0x0000023c       0x44 ./src/mainApp.o
 .text.printMenu
                0x00000280       0xb0 ./src/mainApp.o
                0x00000280                printMenu
 .text.init_GPIO
                0x00000330       0x76 ./src/mainApp.o
 *fill*         0x000003a6        0x2 ff
 .text.init_ssp
                0x000003a8       0x78 ./src/mainApp.o
 .text.init_i2c
                0x00000420       0x48 ./src/mainApp.o
 .text.init_adc
                0x00000468       0x50 ./src/mainApp.o
 .text.init_dac
                0x000004b8       0x34 ./src/mainApp.o
 .text.init_uart
                0x000004ec       0x5c ./src/mainApp.o
 .text.SysTick_Handler
                0x00000548        0xc ./src/mainApp.o
                0x00000548                SysTick_Handler
 .text.init_fsSD
                0x00000554      0x1d0 ./src/mainApp.o
 .text.storeInEeprom
                0x00000724       0x78 ./src/mainApp.o
                0x00000724                storeInEeprom
 .text.readFromEeprom
                0x0000079c       0x44 ./src/mainApp.o
                0x0000079c                readFromEeprom
 .text.config_rtc
                0x000007e0       0x50 ./src/mainApp.o
 .text.eint_init
                0x00000830       0x2c ./src/mainApp.o
                0x00000830                eint_init
 .text.EINT3_IRQHandler
                0x0000085c       0x40 ./src/mainApp.o
                0x0000085c                EINT3_IRQHandler
 .text.main     0x0000089c      0x1e8 ./src/mainApp.o
                0x0000089c                main
 .text.selectionOfSong
                0x00000a84       0x5c ./src/mainApp.o
                0x00000a84                selectionOfSong
 .text.printPlaylist
                0x00000ae0       0xb8 ./src/mainApp.o
                0x00000ae0                printPlaylist
 .text.joystickAction
                0x00000b98       0xb0 ./src/mainApp.o
                0x00000b98                joystickAction
 .text.pathGeneration
                0x00000c48       0x4c ./src/mainApp.o
                0x00000c48                pathGeneration
 .text.playSong
                0x00000c94      0x3a4 ./src/wavReader.o
                0x00000c94                playSong
 .text.TIMER1_IRQHandler
                0x00001038      0x164 ./src/wavReader.o
                0x00001038                TIMER1_IRQHandler
 .text.displayPauseMenu
                0x0000119c      0x110 ./src/wavReader.o
                0x0000119c                displayPauseMenu
 .text.joystickPauseAction
                0x000012ac       0x48 ./src/wavReader.o
                0x000012ac                joystickPauseAction
 .text.displayPlayedSong
                0x000012f4       0x48 ./src/wavReader.o
                0x000012f4                displayPlayedSong
 .text.SystemInit
                0x0000133c      0x140 C:\Users\student\Documents\mcu\Lib_CMSISv1p30_LPC17xx\Debug\libCMSISv1p30_LPC17xx.a(system_LPC17xx.o)
                0x0000133c                SystemInit
 .text.mem_cpy  0x0000147c       0x3a C:\Users\student\Documents\mcu\Lib_FatFs_SD\Debug\libLib_FatFs_SD.a(ff.o)
 .text.mem_set  0x000014b6       0x32 C:\Users\student\Documents\mcu\Lib_FatFs_SD\Debug\libLib_FatFs_SD.a(ff.o)
 .text.mem_cmp  0x000014e8       0x4c C:\Users\student\Documents\mcu\Lib_FatFs_SD\Debug\libLib_FatFs_SD.a(ff.o)
 .text.chk_chr  0x00001534       0x34 C:\Users\student\Documents\mcu\Lib_FatFs_SD\Debug\libLib_FatFs_SD.a(ff.o)
 .text.move_window
                0x00001568       0xb4 C:\Users\student\Documents\mcu\Lib_FatFs_SD\Debug\libLib_FatFs_SD.a(ff.o)
 .text.get_fat  0x0000161c      0x192 C:\Users\student\Documents\mcu\Lib_FatFs_SD\Debug\libLib_FatFs_SD.a(ff.o)
                0x0000161c                get_fat
 .text.put_fat  0x000017ae      0x20a C:\Users\student\Documents\mcu\Lib_FatFs_SD\Debug\libLib_FatFs_SD.a(ff.o)
                0x000017ae                put_fat
 .text.remove_chain
                0x000019b8       0x9e C:\Users\student\Documents\mcu\Lib_FatFs_SD\Debug\libLib_FatFs_SD.a(ff.o)
 .text.create_chain
                0x00001a56      0x104 C:\Users\student\Documents\mcu\Lib_FatFs_SD\Debug\libLib_FatFs_SD.a(ff.o)
 .text.clust2sect
                0x00001b5a       0x3c C:\Users\student\Documents\mcu\Lib_FatFs_SD\Debug\libLib_FatFs_SD.a(ff.o)
                0x00001b5a                clust2sect
 .text.dir_seek
                0x00001b96      0x104 C:\Users\student\Documents\mcu\Lib_FatFs_SD\Debug\libLib_FatFs_SD.a(ff.o)
 .text.dir_next
                0x00001c9a      0x1aa C:\Users\student\Documents\mcu\Lib_FatFs_SD\Debug\libLib_FatFs_SD.a(ff.o)
 .text.dir_find
                0x00001e44       0x96 C:\Users\student\Documents\mcu\Lib_FatFs_SD\Debug\libLib_FatFs_SD.a(ff.o)
 .text.dir_read
                0x00001eda       0x96 C:\Users\student\Documents\mcu\Lib_FatFs_SD\Debug\libLib_FatFs_SD.a(ff.o)
 .text.dir_register
                0x00001f70       0xc2 C:\Users\student\Documents\mcu\Lib_FatFs_SD\Debug\libLib_FatFs_SD.a(ff.o)
 *fill*         0x00002032        0x2 ff
 .text.create_name
                0x00002034      0x164 C:\Users\student\Documents\mcu\Lib_FatFs_SD\Debug\libLib_FatFs_SD.a(ff.o)
 .text.get_fileinfo
                0x00002198      0x11a C:\Users\student\Documents\mcu\Lib_FatFs_SD\Debug\libLib_FatFs_SD.a(ff.o)
 .text.follow_path
                0x000022b2      0x104 C:\Users\student\Documents\mcu\Lib_FatFs_SD\Debug\libLib_FatFs_SD.a(ff.o)
 *fill*         0x000023b6        0x2 ff
 .text.check_fs
                0x000023b8       0xcc C:\Users\student\Documents\mcu\Lib_FatFs_SD\Debug\libLib_FatFs_SD.a(ff.o)
 .text.chk_mounted
                0x00002484      0x470 C:\Users\student\Documents\mcu\Lib_FatFs_SD\Debug\libLib_FatFs_SD.a(ff.o)
                0x00002484                chk_mounted
 .text.validate
                0x000028f4       0x4a C:\Users\student\Documents\mcu\Lib_FatFs_SD\Debug\libLib_FatFs_SD.a(ff.o)
 *fill*         0x0000293e        0x2 ff
 .text.f_mount  0x00002940       0x54 C:\Users\student\Documents\mcu\Lib_FatFs_SD\Debug\libLib_FatFs_SD.a(ff.o)
                0x00002940                f_mount
 .text.get_fattime
                0x00002994       0x44 C:\Users\student\Documents\mcu\Lib_FatFs_SD\Debug\libLib_FatFs_SD.a(ff.o)
                0x00002994                get_fattime
 .text.f_open   0x000029d8      0x2e6 C:\Users\student\Documents\mcu\Lib_FatFs_SD\Debug\libLib_FatFs_SD.a(ff.o)
                0x000029d8                f_open
 .text.f_read   0x00002cbe      0x27c C:\Users\student\Documents\mcu\Lib_FatFs_SD\Debug\libLib_FatFs_SD.a(ff.o)
                0x00002cbe                f_read
 .text.f_opendir
                0x00002f3a       0xc4 C:\Users\student\Documents\mcu\Lib_FatFs_SD\Debug\libLib_FatFs_SD.a(ff.o)
                0x00002f3a                f_opendir
 .text.f_readdir
                0x00002ffe       0x8e C:\Users\student\Documents\mcu\Lib_FatFs_SD\Debug\libLib_FatFs_SD.a(ff.o)
                0x00002ffe                f_readdir
 .text.SSPSend  0x0000308c       0x30 C:\Users\student\Documents\mcu\Lib_FatFs_SD\Debug\libLib_FatFs_SD.a(mmc.o)
 .text.SSPReceive
                0x000030bc       0x30 C:\Users\student\Documents\mcu\Lib_FatFs_SD\Debug\libLib_FatFs_SD.a(mmc.o)
                0x000030bc                SSPReceive
 .text.xmit_spi
                0x000030ec       0x1c C:\Users\student\Documents\mcu\Lib_FatFs_SD\Debug\libLib_FatFs_SD.a(mmc.o)
 .text.rcvr_spi
                0x00003108       0x1e C:\Users\student\Documents\mcu\Lib_FatFs_SD\Debug\libLib_FatFs_SD.a(mmc.o)
 *fill*         0x00003126        0x2 ff
 .text.wait_ready
                0x00003128       0x38 C:\Users\student\Documents\mcu\Lib_FatFs_SD\Debug\libLib_FatFs_SD.a(mmc.o)
 .text.deselect
                0x00003160       0x14 C:\Users\student\Documents\mcu\Lib_FatFs_SD\Debug\libLib_FatFs_SD.a(mmc.o)
 .text.select   0x00003174       0x24 C:\Users\student\Documents\mcu\Lib_FatFs_SD\Debug\libLib_FatFs_SD.a(mmc.o)
 .text.power_on
                0x00003198        0xc C:\Users\student\Documents\mcu\Lib_FatFs_SD\Debug\libLib_FatFs_SD.a(mmc.o)
 .text.power_off
                0x000031a4        0xc C:\Users\student\Documents\mcu\Lib_FatFs_SD\Debug\libLib_FatFs_SD.a(mmc.o)
 .text.chk_power
                0x000031b0        0xe C:\Users\student\Documents\mcu\Lib_FatFs_SD\Debug\libLib_FatFs_SD.a(mmc.o)
 *fill*         0x000031be        0x2 ff
 .text.rcvr_datablock
                0x000031c0       0x8c C:\Users\student\Documents\mcu\Lib_FatFs_SD\Debug\libLib_FatFs_SD.a(mmc.o)
 .text.xmit_datablock
                0x0000324c       0x80 C:\Users\student\Documents\mcu\Lib_FatFs_SD\Debug\libLib_FatFs_SD.a(mmc.o)
 .text.send_cmd
                0x000032cc       0xce C:\Users\student\Documents\mcu\Lib_FatFs_SD\Debug\libLib_FatFs_SD.a(mmc.o)
 *fill*         0x0000339a        0x2 ff
 .text.disk_initialize
                0x0000339c      0x1c0 C:\Users\student\Documents\mcu\Lib_FatFs_SD\Debug\libLib_FatFs_SD.a(mmc.o)
                0x0000339c                disk_initialize
 .text.disk_status
                0x0000355c       0x28 C:\Users\student\Documents\mcu\Lib_FatFs_SD\Debug\libLib_FatFs_SD.a(mmc.o)
                0x0000355c                disk_status
 .text.disk_read
                0x00003584       0xd0 C:\Users\student\Documents\mcu\Lib_FatFs_SD\Debug\libLib_FatFs_SD.a(mmc.o)
                0x00003584                disk_read
 .text.disk_write
                0x00003654      0x100 C:\Users\student\Documents\mcu\Lib_FatFs_SD\Debug\libLib_FatFs_SD.a(mmc.o)
                0x00003654                disk_write
 .text.disk_ioctl
                0x00003754      0x39c C:\Users\student\Documents\mcu\Lib_FatFs_SD\Debug\libLib_FatFs_SD.a(mmc.o)
                0x00003754                disk_ioctl
 .text.disk_timerproc
                0x00003af0       0xa0 C:\Users\student\Documents\mcu\Lib_FatFs_SD\Debug\libLib_FatFs_SD.a(mmc.o)
                0x00003af0                disk_timerproc
 .text.I2CRead  0x00003b90       0x50 C:\Users\student\Documents\mcu\Lib_EaBaseBoard\Debug\libLib_EaBaseBoard.a(eeprom.o)
 .text.I2CWrite
                0x00003be0       0x50 C:\Users\student\Documents\mcu\Lib_EaBaseBoard\Debug\libLib_EaBaseBoard.a(eeprom.o)
 .text.eepromDelay
                0x00003c30       0x28 C:\Users\student\Documents\mcu\Lib_EaBaseBoard\Debug\libLib_EaBaseBoard.a(eeprom.o)
 .text.eeprom_read
                0x00003c58       0x84 C:\Users\student\Documents\mcu\Lib_EaBaseBoard\Debug\libLib_EaBaseBoard.a(eeprom.o)
                0x00003c58                eeprom_read
 .text.eeprom_write
                0x00003cdc       0xf4 C:\Users\student\Documents\mcu\Lib_EaBaseBoard\Debug\libLib_EaBaseBoard.a(eeprom.o)
                0x00003cdc                eeprom_write
 .text.joystick_init
                0x00003dd0       0x1e C:\Users\student\Documents\mcu\Lib_EaBaseBoard\Debug\libLib_EaBaseBoard.a(joystick.o)
                0x00003dd0                joystick_init
 .text.joystick_read
                0x00003dee       0x86 C:\Users\student\Documents\mcu\Lib_EaBaseBoard\Debug\libLib_EaBaseBoard.a(joystick.o)
                0x00003dee                joystick_read
 .text.writeCommand
                0x00003e74       0x48 C:\Users\student\Documents\mcu\Lib_EaBaseBoard\Debug\libLib_EaBaseBoard.a(oled.o)
 .text.writeData
                0x00003ebc       0x48 C:\Users\student\Documents\mcu\Lib_EaBaseBoard\Debug\libLib_EaBaseBoard.a(oled.o)
 .text.writeDataLen
                0x00003f04       0x78 C:\Users\student\Documents\mcu\Lib_EaBaseBoard\Debug\libLib_EaBaseBoard.a(oled.o)
 .text.runInitSequence
                0x00003f7c       0xd4 C:\Users\student\Documents\mcu\Lib_EaBaseBoard\Debug\libLib_EaBaseBoard.a(oled.o)
 .text.oled_init
                0x00004050       0x74 C:\Users\student\Documents\mcu\Lib_EaBaseBoard\Debug\libLib_EaBaseBoard.a(oled.o)
                0x00004050                oled_init
 .text.oled_putPixel
                0x000040c4      0x150 C:\Users\student\Documents\mcu\Lib_EaBaseBoard\Debug\libLib_EaBaseBoard.a(oled.o)
                0x000040c4                oled_putPixel
 .text.oled_clearScreen
                0x00004214       0x64 C:\Users\student\Documents\mcu\Lib_EaBaseBoard\Debug\libLib_EaBaseBoard.a(oled.o)
                0x00004214                oled_clearScreen
 .text.oled_putChar
                0x00004278       0xd8 C:\Users\student\Documents\mcu\Lib_EaBaseBoard\Debug\libLib_EaBaseBoard.a(oled.o)
                0x00004278                oled_putChar
 .text.oled_putString
                0x00004350       0x52 C:\Users\student\Documents\mcu\Lib_EaBaseBoard\Debug\libLib_EaBaseBoard.a(oled.o)
                0x00004350                oled_putString
 *fill*         0x000043a2        0x2 ff
 .text.ADC_Init
                0x000043a4       0x90 C:\Users\student\Documents\mcu\Lib_MCU\Debug\libLib_MCU.a(lpc17xx_adc.o)
                0x000043a4                ADC_Init
 .text.ADC_IntConfig
                0x00004434       0x9c C:\Users\student\Documents\mcu\Lib_MCU\Debug\libLib_MCU.a(lpc17xx_adc.o)
                0x00004434                ADC_IntConfig
 .text.ADC_ChannelCmd
                0x000044d0       0x60 C:\Users\student\Documents\mcu\Lib_MCU\Debug\libLib_MCU.a(lpc17xx_adc.o)
                0x000044d0                ADC_ChannelCmd
 .text.CLKPWR_SetPCLKDiv
                0x00004530       0x90 C:\Users\student\Documents\mcu\Lib_MCU\Debug\libLib_MCU.a(lpc17xx_clkpwr.o)
                0x00004530                CLKPWR_SetPCLKDiv
 .text.CLKPWR_GetPCLKSEL
                0x000045c0       0x48 C:\Users\student\Documents\mcu\Lib_MCU\Debug\libLib_MCU.a(lpc17xx_clkpwr.o)
                0x000045c0                CLKPWR_GetPCLKSEL
 .text.CLKPWR_GetPCLK
                0x00004608       0x64 C:\Users\student\Documents\mcu\Lib_MCU\Debug\libLib_MCU.a(lpc17xx_clkpwr.o)
                0x00004608                CLKPWR_GetPCLK
 .text.CLKPWR_ConfigPPWR
                0x0000466c       0x58 C:\Users\student\Documents\mcu\Lib_MCU\Debug\libLib_MCU.a(lpc17xx_clkpwr.o)
                0x0000466c                CLKPWR_ConfigPPWR
 .text.DAC_Init
                0x000046c4       0x30 C:\Users\student\Documents\mcu\Lib_MCU\Debug\libLib_MCU.a(lpc17xx_dac.o)
                0x000046c4                DAC_Init
 .text.DAC_UpdateValue
                0x000046f4       0x48 C:\Users\student\Documents\mcu\Lib_MCU\Debug\libLib_MCU.a(lpc17xx_dac.o)
                0x000046f4                DAC_UpdateValue
 .text.DAC_SetBias
                0x0000473c       0x48 C:\Users\student\Documents\mcu\Lib_MCU\Debug\libLib_MCU.a(lpc17xx_dac.o)
                0x0000473c                DAC_SetBias
 .text.GPIO_GetPointer
                0x00004784       0x70 C:\Users\student\Documents\mcu\Lib_MCU\Debug\libLib_MCU.a(lpc17xx_gpio.o)
 .text.GPIO_SetDir
                0x000047f4       0x4a C:\Users\student\Documents\mcu\Lib_MCU\Debug\libLib_MCU.a(lpc17xx_gpio.o)
                0x000047f4                GPIO_SetDir
 .text.GPIO_SetValue
                0x0000483e       0x2a C:\Users\student\Documents\mcu\Lib_MCU\Debug\libLib_MCU.a(lpc17xx_gpio.o)
                0x0000483e                GPIO_SetValue
 .text.GPIO_ClearValue
                0x00004868       0x2a C:\Users\student\Documents\mcu\Lib_MCU\Debug\libLib_MCU.a(lpc17xx_gpio.o)
                0x00004868                GPIO_ClearValue
 .text.GPIO_ReadValue
                0x00004892       0x2a C:\Users\student\Documents\mcu\Lib_MCU\Debug\libLib_MCU.a(lpc17xx_gpio.o)
                0x00004892                GPIO_ReadValue
 .text.NVIC_EnableIRQ
                0x000048bc       0x30 C:\Users\student\Documents\mcu\Lib_MCU\Debug\libLib_MCU.a(lpc17xx_i2c.o)
 .text.NVIC_DisableIRQ
                0x000048ec       0x34 C:\Users\student\Documents\mcu\Lib_MCU\Debug\libLib_MCU.a(lpc17xx_i2c.o)
 .text.I2C_getNum
                0x00004920       0x48 C:\Users\student\Documents\mcu\Lib_MCU\Debug\libLib_MCU.a(lpc17xx_i2c.o)
 .text.I2C_Start
                0x00004968       0x3a C:\Users\student\Documents\mcu\Lib_MCU\Debug\libLib_MCU.a(lpc17xx_i2c.o)
 .text.I2C_Stop
                0x000049a2       0x30 C:\Users\student\Documents\mcu\Lib_MCU\Debug\libLib_MCU.a(lpc17xx_i2c.o)
 .text.I2C_SendByte
                0x000049d2       0x4a C:\Users\student\Documents\mcu\Lib_MCU\Debug\libLib_MCU.a(lpc17xx_i2c.o)
 .text.I2C_GetByte
                0x00004a1c       0x52 C:\Users\student\Documents\mcu\Lib_MCU\Debug\libLib_MCU.a(lpc17xx_i2c.o)
 *fill*         0x00004a6e        0x2 ff
 .text.I2C_SetClock
                0x00004a70       0xa4 C:\Users\student\Documents\mcu\Lib_MCU\Debug\libLib_MCU.a(lpc17xx_i2c.o)
 .text.I2C_Init
                0x00004b14       0xa4 C:\Users\student\Documents\mcu\Lib_MCU\Debug\libLib_MCU.a(lpc17xx_i2c.o)
                0x00004b14                I2C_Init
 .text.I2C_Cmd  0x00004bb8       0x70 C:\Users\student\Documents\mcu\Lib_MCU\Debug\libLib_MCU.a(lpc17xx_i2c.o)
                0x00004bb8                I2C_Cmd
 .text.I2C_IntCmd
                0x00004c28       0x88 C:\Users\student\Documents\mcu\Lib_MCU\Debug\libLib_MCU.a(lpc17xx_i2c.o)
                0x00004c28                I2C_IntCmd
 .text.I2C_MasterTransferData
                0x00004cb0      0x2cc C:\Users\student\Documents\mcu\Lib_MCU\Debug\libLib_MCU.a(lpc17xx_i2c.o)
                0x00004cb0                I2C_MasterTransferData
 .text.check_failed
                0x00004f7c        0xc C:\Users\student\Documents\mcu\Lib_MCU\Debug\libLib_MCU.a(lpc17xx_libcfg_default.o)
                0x00004f7c                check_failed
 .text.set_PinFunc
                0x00004f88       0x80 C:\Users\student\Documents\mcu\Lib_MCU\Debug\libLib_MCU.a(lpc17xx_pinsel.o)
 .text.set_ResistorMode
                0x00005008       0x80 C:\Users\student\Documents\mcu\Lib_MCU\Debug\libLib_MCU.a(lpc17xx_pinsel.o)
 .text.set_OpenDrainMode
                0x00005088       0x68 C:\Users\student\Documents\mcu\Lib_MCU\Debug\libLib_MCU.a(lpc17xx_pinsel.o)
 .text.PINSEL_ConfigPin
                0x000050f0       0x46 C:\Users\student\Documents\mcu\Lib_MCU\Debug\libLib_MCU.a(lpc17xx_pinsel.o)
                0x000050f0                PINSEL_ConfigPin
 *fill*         0x00005136        0x2 ff
 .text.RTC_Init
                0x00005138       0x50 C:\Users\student\Documents\mcu\Lib_MCU\Debug\libLib_MCU.a(lpc17xx_rtc.o)
                0x00005138                RTC_Init
 .text.RTC_Cmd  0x00005188       0x68 C:\Users\student\Documents\mcu\Lib_MCU\Debug\libLib_MCU.a(lpc17xx_rtc.o)
                0x00005188                RTC_Cmd
 .text.RTC_SetTime
                0x000051f0      0x1bc C:\Users\student\Documents\mcu\Lib_MCU\Debug\libLib_MCU.a(lpc17xx_rtc.o)
                0x000051f0                RTC_SetTime
 .text.RTC_GetTime
                0x000053ac      0x104 C:\Users\student\Documents\mcu\Lib_MCU\Debug\libLib_MCU.a(lpc17xx_rtc.o)
                0x000053ac                RTC_GetTime
 .text.RTC_SetFullTime
                0x000054b0       0xb8 C:\Users\student\Documents\mcu\Lib_MCU\Debug\libLib_MCU.a(lpc17xx_rtc.o)
                0x000054b0                RTC_SetFullTime
 .text.RTC_GetFullTime
                0x00005568       0xa8 C:\Users\student\Documents\mcu\Lib_MCU\Debug\libLib_MCU.a(lpc17xx_rtc.o)
                0x00005568                RTC_GetFullTime
 .text.setSSPclock
                0x00005610       0xc4 C:\Users\student\Documents\mcu\Lib_MCU\Debug\libLib_MCU.a(lpc17xx_ssp.o)
 .text.SSP_Init
                0x000056d4       0x9c C:\Users\student\Documents\mcu\Lib_MCU\Debug\libLib_MCU.a(lpc17xx_ssp.o)
                0x000056d4                SSP_Init
 .text.SSP_GetDataSize
                0x00005770       0x40 C:\Users\student\Documents\mcu\Lib_MCU\Debug\libLib_MCU.a(lpc17xx_ssp.o)
                0x00005770                SSP_GetDataSize
 .text.SSP_ConfigStructInit
                0x000057b0       0x3c C:\Users\student\Documents\mcu\Lib_MCU\Debug\libLib_MCU.a(lpc17xx_ssp.o)
                0x000057b0                SSP_ConfigStructInit
 .text.SSP_Cmd  0x000057ec       0x6c C:\Users\student\Documents\mcu\Lib_MCU\Debug\libLib_MCU.a(lpc17xx_ssp.o)
                0x000057ec                SSP_Cmd
 .text.SSP_SendData
                0x00005858       0x40 C:\Users\student\Documents\mcu\Lib_MCU\Debug\libLib_MCU.a(lpc17xx_ssp.o)
                0x00005858                SSP_SendData
 .text.SSP_ReceiveData
                0x00005898       0x3c C:\Users\student\Documents\mcu\Lib_MCU\Debug\libLib_MCU.a(lpc17xx_ssp.o)
                0x00005898                SSP_ReceiveData
 .text.SSP_ReadWrite
                0x000058d4      0x34e C:\Users\student\Documents\mcu\Lib_MCU\Debug\libLib_MCU.a(lpc17xx_ssp.o)
                0x000058d4                SSP_ReadWrite
 *fill*         0x00005c22        0x2 ff
 .text.NVIC_EnableIRQ
                0x00005c24       0x30 C:\Users\student\Documents\mcu\Lib_MCU\Debug\libLib_MCU.a(lpc17xx_timer.o)
 .text.getPClock
                0x00005c54       0x58 C:\Users\student\Documents\mcu\Lib_MCU\Debug\libLib_MCU.a(lpc17xx_timer.o)
 .text.converUSecToVal
                0x00005cac       0x58 C:\Users\student\Documents\mcu\Lib_MCU\Debug\libLib_MCU.a(lpc17xx_timer.o)
 .text.converPtrToTimeNum
                0x00005d04       0x5c C:\Users\student\Documents\mcu\Lib_MCU\Debug\libLib_MCU.a(lpc17xx_timer.o)
 .text.TIM_GetIntStatus
                0x00005d60       0x98 C:\Users\student\Documents\mcu\Lib_MCU\Debug\libLib_MCU.a(lpc17xx_timer.o)
                0x00005d60                TIM_GetIntStatus
 .text.TIM_ClearIntPending
                0x00005df8       0x88 C:\Users\student\Documents\mcu\Lib_MCU\Debug\libLib_MCU.a(lpc17xx_timer.o)
                0x00005df8                TIM_ClearIntPending
 .text.TIM_Init
                0x00005e80      0x184 C:\Users\student\Documents\mcu\Lib_MCU\Debug\libLib_MCU.a(lpc17xx_timer.o)
                0x00005e80                TIM_Init
 .text.TIM_Cmd  0x00006004       0x70 C:\Users\student\Documents\mcu\Lib_MCU\Debug\libLib_MCU.a(lpc17xx_timer.o)
                0x00006004                TIM_Cmd
 .text.TIM_ConfigMatch
                0x00006074      0x184 C:\Users\student\Documents\mcu\Lib_MCU\Debug\libLib_MCU.a(lpc17xx_timer.o)
                0x00006074                TIM_ConfigMatch
 .text.Timer1DAC
                0x000061f8       0x5c C:\Users\student\Documents\mcu\Lib_MCU\Debug\libLib_MCU.a(lpc17xx_timer.o)
                0x000061f8                Timer1DAC
 .text.Timer0_Wait
                0x00006254       0x76 C:\Users\student\Documents\mcu\Lib_MCU\Debug\libLib_MCU.a(lpc17xx_timer.o)
                0x00006254                Timer0_Wait
 *fill*         0x000062ca        0x2 ff
 .text.uart_set_divisors
                0x000062cc      0x2a8 C:\Users\student\Documents\mcu\Lib_MCU\Debug\libLib_MCU.a(lpc17xx_uart.o)
 .text.UART_Init
                0x00006574      0x2e4 C:\Users\student\Documents\mcu\Lib_MCU\Debug\libLib_MCU.a(lpc17xx_uart.o)
                0x00006574                UART_Init
 .text.UART_SendByte
                0x00006858       0x68 C:\Users\student\Documents\mcu\Lib_MCU\Debug\libLib_MCU.a(lpc17xx_uart.o)
                0x00006858                UART_SendByte
 .text.UART_Send
                0x000068c0       0xea C:\Users\student\Documents\mcu\Lib_MCU\Debug\libLib_MCU.a(lpc17xx_uart.o)
                0x000068c0                UART_Send
 *fill*         0x000069aa        0x2 ff
 .text.UART_TxCmd
                0x000069ac       0xc8 C:\Users\student\Documents\mcu\Lib_MCU\Debug\libLib_MCU.a(lpc17xx_uart.o)
                0x000069ac                UART_TxCmd
 .text.UART_SendString
                0x00006a74       0x28 C:\Users\student\Documents\mcu\Lib_MCU\Debug\libLib_MCU.a(lpc17xx_uart.o)
                0x00006a74                UART_SendString
 .text          0x00006a9c      0x378 c:/nxp/mcuxpressoide_10.3.0_2200/ide/plugins/com.nxp.mcuxpresso.tools.win32_10.3.0.201811011841/tools/bin/../lib/gcc/arm-none-eabi/7.3.1/thumb/v7-m\libgcc.a(_arm_addsubdf3.o)
                0x00006a9c                __aeabi_drsub
                0x00006aa4                __aeabi_dsub
                0x00006aa4                __subdf3
                0x00006aa8                __aeabi_dadd
                0x00006aa8                __adddf3
                0x00006d20                __floatunsidf
                0x00006d20                __aeabi_ui2d
                0x00006d40                __floatsidf
                0x00006d40                __aeabi_i2d
                0x00006d64                __aeabi_f2d
                0x00006d64                __extendsfdf2
                0x00006da8                __floatundidf
                0x00006da8                __aeabi_ul2d
                0x00006db8                __floatdidf
                0x00006db8                __aeabi_l2d
 .text          0x00006e14      0x424 c:/nxp/mcuxpressoide_10.3.0_2200/ide/plugins/com.nxp.mcuxpresso.tools.win32_10.3.0.201811011841/tools/bin/../lib/gcc/arm-none-eabi/7.3.1/thumb/v7-m\libgcc.a(_arm_muldivdf3.o)
                0x00006e14                __aeabi_dmul
                0x00006e14                __muldf3
                0x00007068                __divdf3
                0x00007068                __aeabi_ddiv
 .text          0x00007238       0x40 c:/nxp/mcuxpressoide_10.3.0_2200/ide/plugins/com.nxp.mcuxpresso.tools.win32_10.3.0.201811011841/tools/bin/../lib/gcc/arm-none-eabi/7.3.1/thumb/v7-m\libgcc.a(_arm_fixunsdfsi.o)
                0x00007238                __aeabi_d2uiz
                0x00007238                __fixunsdfsi
 .text          0x00007278       0x30 c:/nxp/mcuxpressoide_10.3.0_2200/ide/plugins/com.nxp.mcuxpresso.tools.win32_10.3.0.201811011841/tools/bin/../lib/gcc/arm-none-eabi/7.3.1/thumb/v7-m\libgcc.a(_aeabi_uldivmod.o)
                0x00007278                __aeabi_uldivmod
 .text          0x000072a8      0x2d0 c:/nxp/mcuxpressoide_10.3.0_2200/ide/plugins/com.nxp.mcuxpresso.tools.win32_10.3.0.201811011841/tools/bin/../lib/gcc/arm-none-eabi/7.3.1/thumb/v7-m\libgcc.a(_udivmoddi4.o)
                0x000072a8                __udivmoddi4
 .text          0x00007578        0x4 c:/nxp/mcuxpressoide_10.3.0_2200/ide/plugins/com.nxp.mcuxpresso.tools.win32_10.3.0.201811011841/tools/bin/../lib/gcc/arm-none-eabi/7.3.1/thumb/v7-m\libgcc.a(_dvmd_tls.o)
                0x00007578                __aeabi_idiv0
                0x00007578                __aeabi_ldiv0
 .text.__itoa   0x0000757c       0x3c c:/nxp/mcuxpressoide_10.3.0_2200/ide/plugins/com.nxp.mcuxpresso.tools.win32_10.3.0.201811011841/tools/bin/../lib/gcc/arm-none-eabi/7.3.1/../../../../arm-none-eabi/lib/thumb/v7-m\libc.a(lib_a-itoa.o)
                0x0000757c                __itoa
 .text.itoa     0x000075b8        0x4 c:/nxp/mcuxpressoide_10.3.0_2200/ide/plugins/com.nxp.mcuxpresso.tools.win32_10.3.0.201811011841/tools/bin/../lib/gcc/arm-none-eabi/7.3.1/../../../../arm-none-eabi/lib/thumb/v7-m\libc.a(lib_a-itoa.o)
                0x000075b8                itoa
 .text.malloc   0x000075bc       0x10 c:/nxp/mcuxpressoide_10.3.0_2200/ide/plugins/com.nxp.mcuxpresso.tools.win32_10.3.0.201811011841/tools/bin/../lib/gcc/arm-none-eabi/7.3.1/../../../../arm-none-eabi/lib/thumb/v7-m\libc.a(lib_a-malloc.o)
                0x000075bc                malloc
 .text._malloc_r
                0x000075cc      0x524 c:/nxp/mcuxpressoide_10.3.0_2200/ide/plugins/com.nxp.mcuxpresso.tools.win32_10.3.0.201811011841/tools/bin/../lib/gcc/arm-none-eabi/7.3.1/../../../../arm-none-eabi/lib/thumb/v7-m\libc.a(lib_a-mallocr.o)
                0x000075cc                _malloc_r
 .text          0x00007af0       0xec c:/nxp/mcuxpressoide_10.3.0_2200/ide/plugins/com.nxp.mcuxpresso.tools.win32_10.3.0.201811011841/tools/bin/../lib/gcc/arm-none-eabi/7.3.1/../../../../arm-none-eabi/lib/thumb/v7-m\libc.a(lib_a-memcpy.o)
                0x00007af0                memcpy
 .text.memset   0x00007bdc       0x94 c:/nxp/mcuxpressoide_10.3.0_2200/ide/plugins/com.nxp.mcuxpresso.tools.win32_10.3.0.201811011841/tools/bin/../lib/gcc/arm-none-eabi/7.3.1/../../../../arm-none-eabi/lib/thumb/v7-m\libc.a(lib_a-memset.o)
                0x00007bdc                memset
 .text.__malloc_lock
                0x00007c70        0xc c:/nxp/mcuxpressoide_10.3.0_2200/ide/plugins/com.nxp.mcuxpresso.tools.win32_10.3.0.201811011841/tools/bin/../lib/gcc/arm-none-eabi/7.3.1/../../../../arm-none-eabi/lib/thumb/v7-m\libc.a(lib_a-mlock.o)
                0x00007c70                __malloc_lock
 .text.__malloc_unlock
                0x00007c7c        0xc c:/nxp/mcuxpressoide_10.3.0_2200/ide/plugins/com.nxp.mcuxpresso.tools.win32_10.3.0.201811011841/tools/bin/../lib/gcc/arm-none-eabi/7.3.1/../../../../arm-none-eabi/lib/thumb/v7-m\libc.a(lib_a-mlock.o)
                0x00007c7c                __malloc_unlock
 .text._sbrk_r  0x00007c88       0x24 c:/nxp/mcuxpressoide_10.3.0_2200/ide/plugins/com.nxp.mcuxpresso.tools.win32_10.3.0.201811011841/tools/bin/../lib/gcc/arm-none-eabi/7.3.1/../../../../arm-none-eabi/lib/thumb/v7-m\libc.a(lib_a-sbrkr.o)
                0x00007c88                _sbrk_r
 .text.sprintf  0x00007cac       0x44 c:/nxp/mcuxpressoide_10.3.0_2200/ide/plugins/com.nxp.mcuxpresso.tools.win32_10.3.0.201811011841/tools/bin/../lib/gcc/arm-none-eabi/7.3.1/../../../../arm-none-eabi/lib/thumb/v7-m\libc.a(lib_a-sprintf.o)
                0x00007cac                sprintf
 .text.strcat   0x00007cf0       0x40 c:/nxp/mcuxpressoide_10.3.0_2200/ide/plugins/com.nxp.mcuxpresso.tools.win32_10.3.0.201811011841/tools/bin/../lib/gcc/arm-none-eabi/7.3.1/../../../../arm-none-eabi/lib/thumb/v7-m\libc.a(lib_a-strcat.o)
                0x00007cf0                strcat
 .text          0x00007d30      0x1bc c:/nxp/mcuxpressoide_10.3.0_2200/ide/plugins/com.nxp.mcuxpresso.tools.win32_10.3.0.201811011841/tools/bin/../lib/gcc/arm-none-eabi/7.3.1/../../../../arm-none-eabi/lib/thumb/v7-m\libc.a(lib_a-strcmp.o)
                0x00007d30                strcmp
 .text.strcpy   0x00007eec       0xbc c:/nxp/mcuxpressoide_10.3.0_2200/ide/plugins/com.nxp.mcuxpresso.tools.win32_10.3.0.201811011841/tools/bin/../lib/gcc/arm-none-eabi/7.3.1/../../../../arm-none-eabi/lib/thumb/v7-m\libc.a(lib_a-strcpy.o)
                0x00007eec                strcpy
 .text.strlen   0x00007fa8       0x5c c:/nxp/mcuxpressoide_10.3.0_2200/ide/plugins/com.nxp.mcuxpresso.tools.win32_10.3.0.201811011841/tools/bin/../lib/gcc/arm-none-eabi/7.3.1/../../../../arm-none-eabi/lib/thumb/v7-m\libc.a(lib_a-strlen-stub.o)
                0x00007fa8                strlen
 .text._svfprintf_r
                0x00008004     0x1a04 c:/nxp/mcuxpressoide_10.3.0_2200/ide/plugins/com.nxp.mcuxpresso.tools.win32_10.3.0.201811011841/tools/bin/../lib/gcc/arm-none-eabi/7.3.1/../../../../arm-none-eabi/lib/thumb/v7-m\libc.a(lib_a-svfprintf.o)
                0x00008004                _svfprintf_r
 .text.__utoa   0x00009a08       0x80 c:/nxp/mcuxpressoide_10.3.0_2200/ide/plugins/com.nxp.mcuxpresso.tools.win32_10.3.0.201811011841/tools/bin/../lib/gcc/arm-none-eabi/7.3.1/../../../../arm-none-eabi/lib/thumb/v7-m\libc.a(lib_a-utoa.o)
                0x00009a08                __utoa
 .text.quorem   0x00009a88      0x124 c:/nxp/mcuxpressoide_10.3.0_2200/ide/plugins/com.nxp.mcuxpresso.tools.win32_10.3.0.201811011841/tools/bin/../lib/gcc/arm-none-eabi/7.3.1/../../../../arm-none-eabi/lib/thumb/v7-m\libc.a(lib_a-dtoa.o)
 *fill*         0x00009bac        0x4 ff
 .text._dtoa_r  0x00009bb0      0xe30 c:/nxp/mcuxpressoide_10.3.0_2200/ide/plugins/com.nxp.mcuxpresso.tools.win32_10.3.0.201811011841/tools/bin/../lib/gcc/arm-none-eabi/7.3.1/../../../../arm-none-eabi/lib/thumb/v7-m\libc.a(lib_a-dtoa.o)
                0x00009bb0                _dtoa_r
 .text._malloc_trim_r
                0x0000a9e0       0xa0 c:/nxp/mcuxpressoide_10.3.0_2200/ide/plugins/com.nxp.mcuxpresso.tools.win32_10.3.0.201811011841/tools/bin/../lib/gcc/arm-none-eabi/7.3.1/../../../../arm-none-eabi/lib/thumb/v7-m\libc.a(lib_a-freer.o)
                0x0000a9e0                _malloc_trim_r
 .text._free_r  0x0000aa80      0x1e8 c:/nxp/mcuxpressoide_10.3.0_2200/ide/plugins/com.nxp.mcuxpresso.tools.win32_10.3.0.201811011841/tools/bin/../lib/gcc/arm-none-eabi/7.3.1/../../../../arm-none-eabi/lib/thumb/v7-m\libc.a(lib_a-freer.o)
                0x0000aa80                _free_r
 .text._localeconv_r
                0x0000ac68       0x1c c:/nxp/mcuxpressoide_10.3.0_2200/ide/plugins/com.nxp.mcuxpresso.tools.win32_10.3.0.201811011841/tools/bin/../lib/gcc/arm-none-eabi/7.3.1/../../../../arm-none-eabi/lib/thumb/v7-m\libc.a(lib_a-localeconv.o)
                0x0000ac68                _localeconv_r
 .text.__retarget_lock_acquire_recursive
                0x0000ac84        0x4 c:/nxp/mcuxpressoide_10.3.0_2200/ide/plugins/com.nxp.mcuxpresso.tools.win32_10.3.0.201811011841/tools/bin/../lib/gcc/arm-none-eabi/7.3.1/../../../../arm-none-eabi/lib/thumb/v7-m\libc.a(lib_a-lock.o)
                0x0000ac84                __retarget_lock_acquire_recursive
 .text.__retarget_lock_release_recursive
                0x0000ac88        0x4 c:/nxp/mcuxpressoide_10.3.0_2200/ide/plugins/com.nxp.mcuxpresso.tools.win32_10.3.0.201811011841/tools/bin/../lib/gcc/arm-none-eabi/7.3.1/../../../../arm-none-eabi/lib/thumb/v7-m\libc.a(lib_a-lock.o)
                0x0000ac88                __retarget_lock_release_recursive
 .text.memchr   0x0000ac8c       0x8c c:/nxp/mcuxpressoide_10.3.0_2200/ide/plugins/com.nxp.mcuxpresso.tools.win32_10.3.0.201811011841/tools/bin/../lib/gcc/arm-none-eabi/7.3.1/../../../../arm-none-eabi/lib/thumb/v7-m\libc.a(lib_a-memchr-stub.o)
                0x0000ac8c                memchr
 .text._Balloc  0x0000ad18       0x4c c:/nxp/mcuxpressoide_10.3.0_2200/ide/plugins/com.nxp.mcuxpresso.tools.win32_10.3.0.201811011841/tools/bin/../lib/gcc/arm-none-eabi/7.3.1/../../../../arm-none-eabi/lib/thumb/v7-m\libc.a(lib_a-mprec.o)
                0x0000ad18                _Balloc
 .text._Bfree   0x0000ad64       0x14 c:/nxp/mcuxpressoide_10.3.0_2200/ide/plugins/com.nxp.mcuxpresso.tools.win32_10.3.0.201811011841/tools/bin/../lib/gcc/arm-none-eabi/7.3.1/../../../../arm-none-eabi/lib/thumb/v7-m\libc.a(lib_a-mprec.o)
                0x0000ad64                _Bfree
 .text.__multadd
                0x0000ad78       0x84 c:/nxp/mcuxpressoide_10.3.0_2200/ide/plugins/com.nxp.mcuxpresso.tools.win32_10.3.0.201811011841/tools/bin/../lib/gcc/arm-none-eabi/7.3.1/../../../../arm-none-eabi/lib/thumb/v7-m\libc.a(lib_a-mprec.o)
                0x0000ad78                __multadd
 .text.__hi0bits
                0x0000adfc       0x40 c:/nxp/mcuxpressoide_10.3.0_2200/ide/plugins/com.nxp.mcuxpresso.tools.win32_10.3.0.201811011841/tools/bin/../lib/gcc/arm-none-eabi/7.3.1/../../../../arm-none-eabi/lib/thumb/v7-m\libc.a(lib_a-mprec.o)
                0x0000adfc                __hi0bits
 .text.__lo0bits
                0x0000ae3c       0x60 c:/nxp/mcuxpressoide_10.3.0_2200/ide/plugins/com.nxp.mcuxpresso.tools.win32_10.3.0.201811011841/tools/bin/../lib/gcc/arm-none-eabi/7.3.1/../../../../arm-none-eabi/lib/thumb/v7-m\libc.a(lib_a-mprec.o)
                0x0000ae3c                __lo0bits
 .text.__i2b    0x0000ae9c       0x14 c:/nxp/mcuxpressoide_10.3.0_2200/ide/plugins/com.nxp.mcuxpresso.tools.win32_10.3.0.201811011841/tools/bin/../lib/gcc/arm-none-eabi/7.3.1/../../../../arm-none-eabi/lib/thumb/v7-m\libc.a(lib_a-mprec.o)
                0x0000ae9c                __i2b
 .text.__multiply
                0x0000aeb0      0x14c c:/nxp/mcuxpressoide_10.3.0_2200/ide/plugins/com.nxp.mcuxpresso.tools.win32_10.3.0.201811011841/tools/bin/../lib/gcc/arm-none-eabi/7.3.1/../../../../arm-none-eabi/lib/thumb/v7-m\libc.a(lib_a-mprec.o)
                0x0000aeb0                __multiply
 .text.__pow5mult
                0x0000affc       0xa0 c:/nxp/mcuxpressoide_10.3.0_2200/ide/plugins/com.nxp.mcuxpresso.tools.win32_10.3.0.201811011841/tools/bin/../lib/gcc/arm-none-eabi/7.3.1/../../../../arm-none-eabi/lib/thumb/v7-m\libc.a(lib_a-mprec.o)
                0x0000affc                __pow5mult
 .text.__lshift
                0x0000b09c       0xb4 c:/nxp/mcuxpressoide_10.3.0_2200/ide/plugins/com.nxp.mcuxpresso.tools.win32_10.3.0.201811011841/tools/bin/../lib/gcc/arm-none-eabi/7.3.1/../../../../arm-none-eabi/lib/thumb/v7-m\libc.a(lib_a-mprec.o)
                0x0000b09c                __lshift
 .text.__mcmp   0x0000b150       0x38 c:/nxp/mcuxpressoide_10.3.0_2200/ide/plugins/com.nxp.mcuxpresso.tools.win32_10.3.0.201811011841/tools/bin/../lib/gcc/arm-none-eabi/7.3.1/../../../../arm-none-eabi/lib/thumb/v7-m\libc.a(lib_a-mprec.o)
                0x0000b150                __mcmp
 .text.__mdiff  0x0000b188      0x100 c:/nxp/mcuxpressoide_10.3.0_2200/ide/plugins/com.nxp.mcuxpresso.tools.win32_10.3.0.201811011841/tools/bin/../lib/gcc/arm-none-eabi/7.3.1/../../../../arm-none-eabi/lib/thumb/v7-m\libc.a(lib_a-mprec.o)
                0x0000b188                __mdiff
 .text.__d2b    0x0000b288       0xb0 c:/nxp/mcuxpressoide_10.3.0_2200/ide/plugins/com.nxp.mcuxpresso.tools.win32_10.3.0.201811011841/tools/bin/../lib/gcc/arm-none-eabi/7.3.1/../../../../arm-none-eabi/lib/thumb/v7-m\libc.a(lib_a-mprec.o)
                0x0000b288                __d2b
 .text.frexp    0x0000b338       0x64 c:/nxp/mcuxpressoide_10.3.0_2200/ide/plugins/com.nxp.mcuxpresso.tools.win32_10.3.0.201811011841/tools/bin/../lib/gcc/arm-none-eabi/7.3.1/../../../../arm-none-eabi/lib/thumb/v7-m\libc.a(lib_a-s_frexp.o)
                0x0000b338                frexp
 .text.strncpy  0x0000b39c       0x64 c:/nxp/mcuxpressoide_10.3.0_2200/ide/plugins/com.nxp.mcuxpresso.tools.win32_10.3.0.201811011841/tools/bin/../lib/gcc/arm-none-eabi/7.3.1/../../../../arm-none-eabi/lib/thumb/v7-m\libc.a(lib_a-strncpy.o)
                0x0000b39c                strncpy
 .text.__ssprint_r
                0x0000b400       0xf4 c:/nxp/mcuxpressoide_10.3.0_2200/ide/plugins/com.nxp.mcuxpresso.tools.win32_10.3.0.201811011841/tools/bin/../lib/gcc/arm-none-eabi/7.3.1/../../../../arm-none-eabi/lib/thumb/v7-m\libc.a(lib_a-svfiprintf.o)
                0x0000b400                __ssprint_r
 .text._calloc_r
                0x0000b4f4       0x6c c:/nxp/mcuxpressoide_10.3.0_2200/ide/plugins/com.nxp.mcuxpresso.tools.win32_10.3.0.201811011841/tools/bin/../lib/gcc/arm-none-eabi/7.3.1/../../../../arm-none-eabi/lib/thumb/v7-m\libc.a(lib_a-callocr.o)
                0x0000b4f4                _calloc_r
 .text.__ascii_mbtowc
                0x0000b560       0x2c c:/nxp/mcuxpressoide_10.3.0_2200/ide/plugins/com.nxp.mcuxpresso.tools.win32_10.3.0.201811011841/tools/bin/../lib/gcc/arm-none-eabi/7.3.1/../../../../arm-none-eabi/lib/thumb/v7-m\libc.a(lib_a-mbtowc_r.o)
                0x0000b560                __ascii_mbtowc
 .text.memmove  0x0000b58c       0xc4 c:/nxp/mcuxpressoide_10.3.0_2200/ide/plugins/com.nxp.mcuxpresso.tools.win32_10.3.0.201811011841/tools/bin/../lib/gcc/arm-none-eabi/7.3.1/../../../../arm-none-eabi/lib/thumb/v7-m\libc.a(lib_a-memmove.o)
                0x0000b58c                memmove
 .text._realloc_r
                0x0000b650      0x374 c:/nxp/mcuxpressoide_10.3.0_2200/ide/plugins/com.nxp.mcuxpresso.tools.win32_10.3.0.201811011841/tools/bin/../lib/gcc/arm-none-eabi/7.3.1/../../../../arm-none-eabi/lib/thumb/v7-m\libc.a(lib_a-reallocr.o)
                0x0000b650                _realloc_r
 .text.__ascii_wctomb
                0x0000b9c4       0x18 c:/nxp/mcuxpressoide_10.3.0_2200/ide/plugins/com.nxp.mcuxpresso.tools.win32_10.3.0.201811011841/tools/bin/../lib/gcc/arm-none-eabi/7.3.1/../../../../arm-none-eabi/lib/thumb/v7-m\libc.a(lib_a-wctomb_r.o)
                0x0000b9c4                __ascii_wctomb
 .text._sbrk    0x0000b9dc       0x3c c:/nxp/mcuxpressoide_10.3.0_2200/ide/plugins/com.nxp.mcuxpresso.tools.win32_10.3.0.201811011841/tools/bin/../lib/gcc/arm-none-eabi/7.3.1/../../../../arm-none-eabi/lib/thumb/v7-m\libcr_newlib_semihost.a(_cr_sbrk.o)
                0x0000b9dc                _sbrk
 .text.__check_heap_overflow
                0x0000ba18       0x18 c:/nxp/mcuxpressoide_10.3.0_2200/ide/plugins/com.nxp.mcuxpresso.tools.win32_10.3.0.201811011841/tools/bin/../lib/gcc/arm-none-eabi/7.3.1/../../../../arm-none-eabi/lib/thumb/v7-m\libcr_newlib_semihost.a(_cr_check_heap.o)
                0x0000ba18                __check_heap_overflow
 .text          0x0000ba30      0x110 c:/nxp/mcuxpressoide_10.3.0_2200/ide/plugins/com.nxp.mcuxpresso.tools.win32_10.3.0.201811011841/tools/bin/../lib/gcc/arm-none-eabi/7.3.1/thumb/v7-m\libgcc.a(_arm_cmpdf2.o)
                0x0000ba30                __gtdf2
                0x0000ba30                __gedf2
                0x0000ba38                __ltdf2
                0x0000ba38                __ledf2
                0x0000ba40                __nedf2
                0x0000ba40                __eqdf2
                0x0000ba40                __cmpdf2
                0x0000babc                __aeabi_cdrcmple
                0x0000bacc                __aeabi_cdcmpeq
                0x0000bacc                __aeabi_cdcmple
                0x0000badc                __aeabi_dcmpeq
                0x0000baf0                __aeabi_dcmplt
                0x0000bb04                __aeabi_dcmple
                0x0000bb18                __aeabi_dcmpge
                0x0000bb2c                __aeabi_dcmpgt
 .text          0x0000bb40       0x2c c:/nxp/mcuxpressoide_10.3.0_2200/ide/plugins/com.nxp.mcuxpresso.tools.win32_10.3.0.201811011841/tools/bin/../lib/gcc/arm-none-eabi/7.3.1/thumb/v7-m\libgcc.a(_arm_unorddf2.o)
                0x0000bb40                __unorddf2
                0x0000bb40                __aeabi_dcmpun
 .text          0x0000bb6c       0x50 c:/nxp/mcuxpressoide_10.3.0_2200/ide/plugins/com.nxp.mcuxpresso.tools.win32_10.3.0.201811011841/tools/bin/../lib/gcc/arm-none-eabi/7.3.1/thumb/v7-m\libgcc.a(_arm_fixdfsi.o)
                0x0000bb6c                __aeabi_d2iz
                0x0000bb6c                __fixdfsi
 .text.__errno  0x0000bbbc        0xc c:/nxp/mcuxpressoide_10.3.0_2200/ide/plugins/com.nxp.mcuxpresso.tools.win32_10.3.0.201811011841/tools/bin/../lib/gcc/arm-none-eabi/7.3.1/../../../../arm-none-eabi/lib/thumb/v7-m\libc.a(lib_a-errno.o)
                0x0000bbbc                __errno
 *(.rodata .rodata.* .constdata .constdata.*)
 .rodata        0x0000bbc8      0x111 ./src/mainApp.o
 *fill*         0x0000bcd9        0x3 ff
 .rodata        0x0000bcdc       0x72 ./src/wavReader.o
 *fill*         0x0000bd4e        0x2 ff
 .rodata        0x0000bd50       0x8c C:\Users\student\Documents\mcu\Lib_FatFs_SD\Debug\libLib_FatFs_SD.a(ff.o)
 .rodata        0x0000bddc        0x8 C:\Users\student\Documents\mcu\Lib_EaBaseBoard\Debug\libLib_EaBaseBoard.a(oled.o)
 .rodata        0x0000bde4      0x300 C:\Users\student\Documents\mcu\Lib_EaBaseBoard\Debug\libLib_EaBaseBoard.a(font5x7.o)
                0x0000bde4                font5x7
 .rodata        0x0000c0e4       0x15 C:\Users\student\Documents\mcu\Lib_MCU\Debug\libLib_MCU.a(lpc17xx_adc.o)
 *fill*         0x0000c0f9        0x3 ff
 .rodata        0x0000c0fc       0x15 C:\Users\student\Documents\mcu\Lib_MCU\Debug\libLib_MCU.a(lpc17xx_dac.o)
 *fill*         0x0000c111        0x3 ff
 .rodata        0x0000c114       0x15 C:\Users\student\Documents\mcu\Lib_MCU\Debug\libLib_MCU.a(lpc17xx_i2c.o)
 *fill*         0x0000c129        0x3 ff
 .rodata        0x0000c12c       0x15 C:\Users\student\Documents\mcu\Lib_MCU\Debug\libLib_MCU.a(lpc17xx_rtc.o)
 *fill*         0x0000c141        0x3 ff
 .rodata        0x0000c144       0x15 C:\Users\student\Documents\mcu\Lib_MCU\Debug\libLib_MCU.a(lpc17xx_ssp.o)
 *fill*         0x0000c159        0x3 ff
 .rodata        0x0000c15c       0x17 C:\Users\student\Documents\mcu\Lib_MCU\Debug\libLib_MCU.a(lpc17xx_timer.o)
 *fill*         0x0000c173        0x1 ff
 .rodata        0x0000c174       0x16 C:\Users\student\Documents\mcu\Lib_MCU\Debug\libLib_MCU.a(lpc17xx_uart.o)
 *fill*         0x0000c18a        0x2 ff
 .rodata._svfprintf_r.str1.4
                0x0000c18c       0x42 c:/nxp/mcuxpressoide_10.3.0_2200/ide/plugins/com.nxp.mcuxpresso.tools.win32_10.3.0.201811011841/tools/bin/../lib/gcc/arm-none-eabi/7.3.1/../../../../arm-none-eabi/lib/thumb/v7-m\libc.a(lib_a-svfprintf.o)
 *fill*         0x0000c1ce        0x2 ff
 .rodata.blanks.7315
                0x0000c1d0       0x10 c:/nxp/mcuxpressoide_10.3.0_2200/ide/plugins/com.nxp.mcuxpresso.tools.win32_10.3.0.201811011841/tools/bin/../lib/gcc/arm-none-eabi/7.3.1/../../../../arm-none-eabi/lib/thumb/v7-m\libc.a(lib_a-svfprintf.o)
 .rodata.zeroes.7316
                0x0000c1e0       0x10 c:/nxp/mcuxpressoide_10.3.0_2200/ide/plugins/com.nxp.mcuxpresso.tools.win32_10.3.0.201811011841/tools/bin/../lib/gcc/arm-none-eabi/7.3.1/../../../../arm-none-eabi/lib/thumb/v7-m\libc.a(lib_a-svfprintf.o)
 .rodata.__utoa.str1.4
                0x0000c1f0       0x25 c:/nxp/mcuxpressoide_10.3.0_2200/ide/plugins/com.nxp.mcuxpresso.tools.win32_10.3.0.201811011841/tools/bin/../lib/gcc/arm-none-eabi/7.3.1/../../../../arm-none-eabi/lib/thumb/v7-m\libc.a(lib_a-utoa.o)
 *fill*         0x0000c215        0x3 ff
 .rodata._dtoa_r.str1.4
                0x0000c218       0x10 c:/nxp/mcuxpressoide_10.3.0_2200/ide/plugins/com.nxp.mcuxpresso.tools.win32_10.3.0.201811011841/tools/bin/../lib/gcc/arm-none-eabi/7.3.1/../../../../arm-none-eabi/lib/thumb/v7-m\libc.a(lib_a-dtoa.o)
                                 0x12 (size before relaxing)
 .rodata.__mprec_bigtens
                0x0000c228       0x28 c:/nxp/mcuxpressoide_10.3.0_2200/ide/plugins/com.nxp.mcuxpresso.tools.win32_10.3.0.201811011841/tools/bin/../lib/gcc/arm-none-eabi/7.3.1/../../../../arm-none-eabi/lib/thumb/v7-m\libc.a(lib_a-mprec.o)
                0x0000c228                __mprec_bigtens
 .rodata.__mprec_tens
                0x0000c250       0xc8 c:/nxp/mcuxpressoide_10.3.0_2200/ide/plugins/com.nxp.mcuxpresso.tools.win32_10.3.0.201811011841/tools/bin/../lib/gcc/arm-none-eabi/7.3.1/../../../../arm-none-eabi/lib/thumb/v7-m\libc.a(lib_a-mprec.o)
                0x0000c250                __mprec_tens
 .rodata.p05.6092
                0x0000c318        0xc c:/nxp/mcuxpressoide_10.3.0_2200/ide/plugins/com.nxp.mcuxpresso.tools.win32_10.3.0.201811011841/tools/bin/../lib/gcc/arm-none-eabi/7.3.1/../../../../arm-none-eabi/lib/thumb/v7-m\libc.a(lib_a-mprec.o)
 .rodata._setlocale_r.str1.4
                0x0000c324        0xa c:/nxp/mcuxpressoide_10.3.0_2200/ide/plugins/com.nxp.mcuxpresso.tools.win32_10.3.0.201811011841/tools/bin/../lib/gcc/arm-none-eabi/7.3.1/../../../../arm-none-eabi/lib/thumb/v7-m\libc.a(lib_a-locale.o)
                                  0xd (size before relaxing)
 *fill*         0x0000c32e        0x2 ff
 .rodata.str1.4
                0x0000c330        0x4 c:/nxp/mcuxpressoide_10.3.0_2200/ide/plugins/com.nxp.mcuxpresso.tools.win32_10.3.0.201811011841/tools/bin/../lib/gcc/arm-none-eabi/7.3.1/../../../../arm-none-eabi/lib/thumb/v7-m\libc.a(lib_a-locale.o)
                                  0x2 (size before relaxing)
 .rodata._ctype_
                0x0000c334      0x101 c:/nxp/mcuxpressoide_10.3.0_2200/ide/plugins/com.nxp.mcuxpresso.tools.win32_10.3.0.201811011841/tools/bin/../lib/gcc/arm-none-eabi/7.3.1/../../../../arm-none-eabi/lib/thumb/v7-m\libc.a(lib_a-ctype_.o)
                0x0000c334                _ctype_
                0x0000c438                . = ALIGN (0x4)
 *fill*         0x0000c435        0x3 ff

.glue_7         0x0000c438        0x0
 .glue_7        0x0000c438        0x0 linker stubs

.glue_7t        0x0000c438        0x0
 .glue_7t       0x0000c438        0x0 linker stubs

.vfp11_veneer   0x0000c438        0x0
 .vfp11_veneer  0x0000c438        0x0 linker stubs

.v4_bx          0x0000c438        0x0
 .v4_bx         0x0000c438        0x0 linker stubs

.iplt           0x0000c438        0x0
 .iplt          0x0000c438        0x0 ./src/cr_startup_lpc17.o

.ARM.extab
 *(.ARM.extab* .gnu.linkonce.armextab.*)
                0x0000c438                __exidx_start = .

.ARM.exidx      0x0000c438        0x8
 *(.ARM.exidx* .gnu.linkonce.armexidx.*)
 .ARM.exidx     0x0000c438        0x8 c:/nxp/mcuxpressoide_10.3.0_2200/ide/plugins/com.nxp.mcuxpresso.tools.win32_10.3.0.201811011841/tools/bin/../lib/gcc/arm-none-eabi/7.3.1/thumb/v7-m\libgcc.a(_udivmoddi4.o)
                0x0000c440                __exidx_end = .
                0x0000c440                _etext = .

.rel.dyn        0x0000c440        0x0
 .rel.iplt      0x0000c440        0x0 ./src/cr_startup_lpc17.o

.data_RAM2      0x2007c000        0x0 load address 0x0000c440
 FILL mask 0xff
                [!provide]                PROVIDE (__start_data_RAM2 = .)
 *(.ramfunc.$RAM2)
 *(.ramfunc.$RamAHB32)
 *(.data.$RAM2*)
 *(.data.$RamAHB32*)
                0x2007c000                . = ALIGN (0x4)
                [!provide]                PROVIDE (__end_data_RAM2 = .)

.uninit_RESERVED
                0x10000000        0x0
 *(.bss.$RESERVED*)
                0x10000000                . = ALIGN (0x4)
                0x10000000                _end_uninit_RESERVED = .

.data           0x10000000      0x9bc load address 0x0000c440
 FILL mask 0xff
                0x10000000                _data = .
 *(vtable)
 *(.ramfunc*)
 *(.data*)
 .data          0x10000000        0x8 ./src/wavReader.o
                0x10000000                blockSize
                0x10000004                bufferCount
 .data          0x10000008        0x4 C:\Users\student\Documents\mcu\Lib_CMSISv1p30_LPC17xx\Debug\libCMSISv1p30_LPC17xx.a(system_LPC17xx.o)
                0x10000008                SystemCoreClock
 .data          0x1000000c        0x1 C:\Users\student\Documents\mcu\Lib_FatFs_SD\Debug\libLib_FatFs_SD.a(mmc.o)
 *fill*         0x1000000d        0x3 ff
 .data.__malloc_av_
                0x10000010      0x408 c:/nxp/mcuxpressoide_10.3.0_2200/ide/plugins/com.nxp.mcuxpresso.tools.win32_10.3.0.201811011841/tools/bin/../lib/gcc/arm-none-eabi/7.3.1/../../../../arm-none-eabi/lib/thumb/v7-m\libc.a(lib_a-mallocr.o)
                0x10000010                __malloc_av_
 .data.__malloc_sbrk_base
                0x10000418        0x4 c:/nxp/mcuxpressoide_10.3.0_2200/ide/plugins/com.nxp.mcuxpresso.tools.win32_10.3.0.201811011841/tools/bin/../lib/gcc/arm-none-eabi/7.3.1/../../../../arm-none-eabi/lib/thumb/v7-m\libc.a(lib_a-mallocr.o)
                0x10000418                __malloc_sbrk_base
 .data.__malloc_trim_threshold
                0x1000041c        0x4 c:/nxp/mcuxpressoide_10.3.0_2200/ide/plugins/com.nxp.mcuxpresso.tools.win32_10.3.0.201811011841/tools/bin/../lib/gcc/arm-none-eabi/7.3.1/../../../../arm-none-eabi/lib/thumb/v7-m\libc.a(lib_a-mallocr.o)
                0x1000041c                __malloc_trim_threshold
 .data._impure_ptr
                0x10000420        0x4 c:/nxp/mcuxpressoide_10.3.0_2200/ide/plugins/com.nxp.mcuxpresso.tools.win32_10.3.0.201811011841/tools/bin/../lib/gcc/arm-none-eabi/7.3.1/../../../../arm-none-eabi/lib/thumb/v7-m\libc.a(lib_a-impure.o)
                0x10000420                _impure_ptr
 *fill*         0x10000424        0x4 ff
 .data.impure_data
                0x10000428      0x428 c:/nxp/mcuxpressoide_10.3.0_2200/ide/plugins/com.nxp.mcuxpresso.tools.win32_10.3.0.201811011841/tools/bin/../lib/gcc/arm-none-eabi/7.3.1/../../../../arm-none-eabi/lib/thumb/v7-m\libc.a(lib_a-impure.o)
 .data.__global_locale
                0x10000850      0x16c c:/nxp/mcuxpressoide_10.3.0_2200/ide/plugins/com.nxp.mcuxpresso.tools.win32_10.3.0.201811011841/tools/bin/../lib/gcc/arm-none-eabi/7.3.1/../../../../arm-none-eabi/lib/thumb/v7-m\libc.a(lib_a-locale.o)
                0x10000850                __global_locale
                0x100009bc                . = ALIGN (0x4)
                0x100009bc                _edata = .

.igot.plt       0x100009bc        0x0 load address 0x0000cdfc
 .igot.plt      0x100009bc        0x0 ./src/cr_startup_lpc17.o

.bss_RAM2       0x2007c000        0x0
                [!provide]                PROVIDE (__start_bss_RAM2 = .)
 *(.bss.$RAM2*)
 *(.bss.$RamAHB32*)
                0x2007c000                . = ALIGN ((. != 0x0)?0x4:0x1)
                [!provide]                PROVIDE (__end_bss_RAM2 = .)

.bss            0x100009bc     0x2858
                0x100009bc                _bss = .
 *(.bss*)
 .bss           0x100009bc      0x412 ./src/mainApp.o
 *fill*         0x10000dce        0x2 
 .bss           0x10000dd0        0x8 ./src/wavReader.o
                0x10000dd0                currentValue
                0x10000dd4                isFinished
 .bss           0x10000dd8        0xa C:\Users\student\Documents\mcu\Lib_FatFs_SD\Debug\libLib_FatFs_SD.a(ff.o)
 .bss           0x10000de2        0x4 C:\Users\student\Documents\mcu\Lib_FatFs_SD\Debug\libLib_FatFs_SD.a(mmc.o)
 *fill*         0x10000de6        0x2 
 .bss           0x10000de8      0x300 C:\Users\student\Documents\mcu\Lib_EaBaseBoard\Debug\libLib_EaBaseBoard.a(oled.o)
 .bss           0x100010e8       0x34 C:\Users\student\Documents\mcu\Lib_MCU\Debug\libLib_MCU.a(lpc17xx_i2c.o)
 .bss.__malloc_current_mallinfo
                0x1000111c       0x28 c:/nxp/mcuxpressoide_10.3.0_2200/ide/plugins/com.nxp.mcuxpresso.tools.win32_10.3.0.201811011841/tools/bin/../lib/gcc/arm-none-eabi/7.3.1/../../../../arm-none-eabi/lib/thumb/v7-m\libc.a(lib_a-mallocr.o)
                0x1000111c                __malloc_current_mallinfo
 .bss.__malloc_max_sbrked_mem
                0x10001144        0x4 c:/nxp/mcuxpressoide_10.3.0_2200/ide/plugins/com.nxp.mcuxpresso.tools.win32_10.3.0.201811011841/tools/bin/../lib/gcc/arm-none-eabi/7.3.1/../../../../arm-none-eabi/lib/thumb/v7-m\libc.a(lib_a-mallocr.o)
                0x10001144                __malloc_max_sbrked_mem
 .bss.__malloc_max_total_mem
                0x10001148        0x4 c:/nxp/mcuxpressoide_10.3.0_2200/ide/plugins/com.nxp.mcuxpresso.tools.win32_10.3.0.201811011841/tools/bin/../lib/gcc/arm-none-eabi/7.3.1/../../../../arm-none-eabi/lib/thumb/v7-m\libc.a(lib_a-mallocr.o)
                0x10001148                __malloc_max_total_mem
 .bss.__malloc_top_pad
                0x1000114c        0x4 c:/nxp/mcuxpressoide_10.3.0_2200/ide/plugins/com.nxp.mcuxpresso.tools.win32_10.3.0.201811011841/tools/bin/../lib/gcc/arm-none-eabi/7.3.1/../../../../arm-none-eabi/lib/thumb/v7-m\libc.a(lib_a-mallocr.o)
                0x1000114c                __malloc_top_pad
 .bss.__end_of_heap
                0x10001150        0x4 c:/nxp/mcuxpressoide_10.3.0_2200/ide/plugins/com.nxp.mcuxpresso.tools.win32_10.3.0.201811011841/tools/bin/../lib/gcc/arm-none-eabi/7.3.1/../../../../arm-none-eabi/lib/thumb/v7-m\libcr_newlib_semihost.a(_cr_sbrk.o)
                0x10001150                __end_of_heap
 *(COMMON)
 COMMON         0x10001154       0x84 ./src/mainApp.o
                0x10001154                auxx
                0x100011d4                blockSize2
 COMMON         0x100011d8     0x2012 ./src/wavReader.o
                0x100011d8                songState
                0x100011dc                tailleBuffer2
                0x100011e0                pC
                0x100011e4                tailleBuffer1
                0x100011e8                wBuffer1
                0x100021e8                wBuffer2
                0x100031e8                pU
 *fill*         0x100031ea        0x2 
 COMMON         0x100031ec       0x21 c:/nxp/mcuxpressoide_10.3.0_2200/ide/plugins/com.nxp.mcuxpresso.tools.win32_10.3.0.201811011841/tools/bin/../lib/gcc/arm-none-eabi/7.3.1/../../../../arm-none-eabi/lib/thumb/v7-m\libc.a(lib_a-lock.o)
                0x100031ec                __lock___atexit_recursive_mutex
                0x100031f0                __lock___arc4random_mutex
                0x100031f4                __lock___env_recursive_mutex
                0x100031f8                __lock___sinit_recursive_mutex
                0x100031fc                __lock___malloc_recursive_mutex
                0x10003200                __lock___at_quick_exit_mutex
                0x10003204                __lock___dd_hash_mutex
                0x10003208                __lock___tz_mutex
                0x1000320c                __lock___sfp_recursive_mutex
 *fill*         0x1000320d        0x3 
 COMMON         0x10003210        0x4 c:/nxp/mcuxpressoide_10.3.0_2200/ide/plugins/com.nxp.mcuxpresso.tools.win32_10.3.0.201811011841/tools/bin/../lib/gcc/arm-none-eabi/7.3.1/../../../../arm-none-eabi/lib/thumb/v7-m\libc.a(lib_a-reent.o)
                0x10003210                errno
                0x10003214                . = ALIGN (0x4)
                0x10003214                _ebss = .
                [!provide]                PROVIDE (end = .)

.noinit_RAM2    0x2007c000        0x0
 *(.noinit.$RAM2*)
 *(.noinit.$RamAHB32*)
                0x2007c000                . = ALIGN (0x4)

.noinit         0x10003214        0x0
                0x10003214                _noinit = .
 *(.noinit*)
                0x10003214                . = ALIGN (0x4)
                0x10003214                _end_noinit = .
                0x10003214                PROVIDE (_pvHeapStart = DEFINED (__user_heap_base)?__user_heap_base:.)
                0x10008000                PROVIDE (_vStackTop = DEFINED (__user_stack_top)?__user_stack_top:(__top_RamLoc32 - 0x0))
                [!provide]                PROVIDE (__valid_user_code_checksum = (0x0 - ((((((_vStackTop + (ResetISR + 0x1)) + (NMI_Handler + 0x1)) + (HardFault_Handler + 0x1)) + (DEFINED (MemManage_Handler)?MemManage_Handler:0x0 + 0x1)) + (DEFINED (BusFault_Handler)?BusFault_Handler:0x0 + 0x1)) + (DEFINED (UsageFault_Handler)?UsageFault_Handler:0x0 + 0x1))))
                0x00000000                _image_start = LOADADDR (.text)
                0x0000cdfc                _image_end = (LOADADDR (.data) + SIZEOF (.data))
                0x0000cdfc                _image_size = (_image_end - _image_start)
OUTPUT(App_mp3player.axf elf32-littlearm)

.debug_info     0x00000000     0xc5b5
 .debug_info    0x00000000      0x1e7 ./src/cr_startup_lpc17.o
 .debug_info    0x000001e7     0x2199 ./src/mainApp.o
 .debug_info    0x00002380     0x14b4 ./src/wavReader.o
 .debug_info    0x00003834      0x318 C:\Users\student\Documents\mcu\Lib_CMSISv1p30_LPC17xx\Debug\libCMSISv1p30_LPC17xx.a(system_LPC17xx.o)
 .debug_info    0x00003b4c     0x1569 C:\Users\student\Documents\mcu\Lib_FatFs_SD\Debug\libLib_FatFs_SD.a(ff.o)
 .debug_info    0x000050b5      0x763 C:\Users\student\Documents\mcu\Lib_FatFs_SD\Debug\libLib_FatFs_SD.a(mmc.o)
 .debug_info    0x00005818      0x59e C:\Users\student\Documents\mcu\Lib_EaBaseBoard\Debug\libLib_EaBaseBoard.a(eeprom.o)
 .debug_info    0x00005db6      0x133 C:\Users\student\Documents\mcu\Lib_EaBaseBoard\Debug\libLib_EaBaseBoard.a(joystick.o)
 .debug_info    0x00005ee9      0x942 C:\Users\student\Documents\mcu\Lib_EaBaseBoard\Debug\libLib_EaBaseBoard.a(oled.o)
 .debug_info    0x0000682b       0x61 C:\Users\student\Documents\mcu\Lib_EaBaseBoard\Debug\libLib_EaBaseBoard.a(font5x7.o)
 .debug_info    0x0000688c      0x616 C:\Users\student\Documents\mcu\Lib_MCU\Debug\libLib_MCU.a(lpc17xx_adc.o)
 .debug_info    0x00006ea2      0x5d4 C:\Users\student\Documents\mcu\Lib_MCU\Debug\libLib_MCU.a(lpc17xx_clkpwr.o)
 .debug_info    0x00007476      0x290 C:\Users\student\Documents\mcu\Lib_MCU\Debug\libLib_MCU.a(lpc17xx_dac.o)
 .debug_info    0x00007706      0xd44 C:\Users\student\Documents\mcu\Lib_MCU\Debug\libLib_MCU.a(lpc17xx_gpio.o)
 .debug_info    0x0000844a      0xd11 C:\Users\student\Documents\mcu\Lib_MCU\Debug\libLib_MCU.a(lpc17xx_i2c.o)
 .debug_info    0x0000915b       0xfa C:\Users\student\Documents\mcu\Lib_MCU\Debug\libLib_MCU.a(lpc17xx_libcfg_default.o)
 .debug_info    0x00009255      0x484 C:\Users\student\Documents\mcu\Lib_MCU\Debug\libLib_MCU.a(lpc17xx_pinsel.o)
 .debug_info    0x000096d9      0x985 C:\Users\student\Documents\mcu\Lib_MCU\Debug\libLib_MCU.a(lpc17xx_rtc.o)
 .debug_info    0x0000a05e      0x749 C:\Users\student\Documents\mcu\Lib_MCU\Debug\libLib_MCU.a(lpc17xx_ssp.o)
 .debug_info    0x0000a7a7      0xb8d C:\Users\student\Documents\mcu\Lib_MCU\Debug\libLib_MCU.a(lpc17xx_timer.o)
 .debug_info    0x0000b334     0x1281 C:\Users\student\Documents\mcu\Lib_MCU\Debug\libLib_MCU.a(lpc17xx_uart.o)

.debug_abbrev   0x00000000     0x27a2
 .debug_abbrev  0x00000000       0xbc ./src/cr_startup_lpc17.o
 .debug_abbrev  0x000000bc      0x44e ./src/mainApp.o
 .debug_abbrev  0x0000050a      0x338 ./src/wavReader.o
 .debug_abbrev  0x00000842      0x108 C:\Users\student\Documents\mcu\Lib_CMSISv1p30_LPC17xx\Debug\libCMSISv1p30_LPC17xx.a(system_LPC17xx.o)
 .debug_abbrev  0x0000094a      0x2b9 C:\Users\student\Documents\mcu\Lib_FatFs_SD\Debug\libLib_FatFs_SD.a(ff.o)
 .debug_abbrev  0x00000c03      0x29d C:\Users\student\Documents\mcu\Lib_FatFs_SD\Debug\libLib_FatFs_SD.a(mmc.o)
 .debug_abbrev  0x00000ea0      0x1bd C:\Users\student\Documents\mcu\Lib_EaBaseBoard\Debug\libLib_EaBaseBoard.a(eeprom.o)
 .debug_abbrev  0x0000105d       0xc4 C:\Users\student\Documents\mcu\Lib_EaBaseBoard\Debug\libLib_EaBaseBoard.a(joystick.o)
 .debug_abbrev  0x00001121      0x20e C:\Users\student\Documents\mcu\Lib_EaBaseBoard\Debug\libLib_EaBaseBoard.a(oled.o)
 .debug_abbrev  0x0000132f       0x48 C:\Users\student\Documents\mcu\Lib_EaBaseBoard\Debug\libLib_EaBaseBoard.a(font5x7.o)
 .debug_abbrev  0x00001377      0x1a5 C:\Users\student\Documents\mcu\Lib_MCU\Debug\libLib_MCU.a(lpc17xx_adc.o)
 .debug_abbrev  0x0000151c      0x1d5 C:\Users\student\Documents\mcu\Lib_MCU\Debug\libLib_MCU.a(lpc17xx_clkpwr.o)
 .debug_abbrev  0x000016f1      0x130 C:\Users\student\Documents\mcu\Lib_MCU\Debug\libLib_MCU.a(lpc17xx_dac.o)
 .debug_abbrev  0x00001821      0x23b C:\Users\student\Documents\mcu\Lib_MCU\Debug\libLib_MCU.a(lpc17xx_gpio.o)
 .debug_abbrev  0x00001a5c      0x2a0 C:\Users\student\Documents\mcu\Lib_MCU\Debug\libLib_MCU.a(lpc17xx_i2c.o)
 .debug_abbrev  0x00001cfc       0xa3 C:\Users\student\Documents\mcu\Lib_MCU\Debug\libLib_MCU.a(lpc17xx_libcfg_default.o)
 .debug_abbrev  0x00001d9f      0x178 C:\Users\student\Documents\mcu\Lib_MCU\Debug\libLib_MCU.a(lpc17xx_pinsel.o)
 .debug_abbrev  0x00001f17      0x1c8 C:\Users\student\Documents\mcu\Lib_MCU\Debug\libLib_MCU.a(lpc17xx_rtc.o)
 .debug_abbrev  0x000020df      0x1f1 C:\Users\student\Documents\mcu\Lib_MCU\Debug\libLib_MCU.a(lpc17xx_ssp.o)
 .debug_abbrev  0x000022d0      0x27f C:\Users\student\Documents\mcu\Lib_MCU\Debug\libLib_MCU.a(lpc17xx_timer.o)
 .debug_abbrev  0x0000254f      0x253 C:\Users\student\Documents\mcu\Lib_MCU\Debug\libLib_MCU.a(lpc17xx_uart.o)

.debug_aranges  0x00000000      0xaf8
 .debug_aranges
                0x00000000       0x70 ./src/cr_startup_lpc17.o
 .debug_aranges
                0x00000070       0xd0 ./src/mainApp.o
 .debug_aranges
                0x00000140       0x40 ./src/wavReader.o
 .debug_aranges
                0x00000180       0x28 C:\Users\student\Documents\mcu\Lib_CMSISv1p30_LPC17xx\Debug\libCMSISv1p30_LPC17xx.a(system_LPC17xx.o)
 .debug_aranges
                0x000001a8      0x118 C:\Users\student\Documents\mcu\Lib_FatFs_SD\Debug\libLib_FatFs_SD.a(ff.o)
 .debug_aranges
                0x000002c0       0xb0 C:\Users\student\Documents\mcu\Lib_FatFs_SD\Debug\libLib_FatFs_SD.a(mmc.o)
 .debug_aranges
                0x00000370       0x48 C:\Users\student\Documents\mcu\Lib_EaBaseBoard\Debug\libLib_EaBaseBoard.a(eeprom.o)
 .debug_aranges
                0x000003b8       0x28 C:\Users\student\Documents\mcu\Lib_EaBaseBoard\Debug\libLib_EaBaseBoard.a(joystick.o)
 .debug_aranges
                0x000003e0       0x90 C:\Users\student\Documents\mcu\Lib_EaBaseBoard\Debug\libLib_EaBaseBoard.a(oled.o)
 .debug_aranges
                0x00000470       0x18 C:\Users\student\Documents\mcu\Lib_EaBaseBoard\Debug\libLib_EaBaseBoard.a(font5x7.o)
 .debug_aranges
                0x00000488       0x80 C:\Users\student\Documents\mcu\Lib_MCU\Debug\libLib_MCU.a(lpc17xx_adc.o)
 .debug_aranges
                0x00000508       0x60 C:\Users\student\Documents\mcu\Lib_MCU\Debug\libLib_MCU.a(lpc17xx_clkpwr.o)
 .debug_aranges
                0x00000568       0x40 C:\Users\student\Documents\mcu\Lib_MCU\Debug\libLib_MCU.a(lpc17xx_dac.o)
 .debug_aranges
                0x000005a8       0xf8 C:\Users\student\Documents\mcu\Lib_MCU\Debug\libLib_MCU.a(lpc17xx_gpio.o)
 .debug_aranges
                0x000006a0       0xd0 C:\Users\student\Documents\mcu\Lib_MCU\Debug\libLib_MCU.a(lpc17xx_i2c.o)
 .debug_aranges
                0x00000770       0x20 C:\Users\student\Documents\mcu\Lib_MCU\Debug\libLib_MCU.a(lpc17xx_libcfg_default.o)
 .debug_aranges
                0x00000790       0x48 C:\Users\student\Documents\mcu\Lib_MCU\Debug\libLib_MCU.a(lpc17xx_pinsel.o)
 .debug_aranges
                0x000007d8       0xb8 C:\Users\student\Documents\mcu\Lib_MCU\Debug\libLib_MCU.a(lpc17xx_rtc.o)
 .debug_aranges
                0x00000890       0xa8 C:\Users\student\Documents\mcu\Lib_MCU\Debug\libLib_MCU.a(lpc17xx_ssp.o)
 .debug_aranges
                0x00000938       0xb8 C:\Users\student\Documents\mcu\Lib_MCU\Debug\libLib_MCU.a(lpc17xx_timer.o)
 .debug_aranges
                0x000009f0      0x108 C:\Users\student\Documents\mcu\Lib_MCU\Debug\libLib_MCU.a(lpc17xx_uart.o)

.debug_ranges   0x00000000      0x9b8
 .debug_ranges  0x00000000       0x60 ./src/cr_startup_lpc17.o
 .debug_ranges  0x00000060       0xc0 ./src/mainApp.o
 .debug_ranges  0x00000120       0x48 ./src/wavReader.o
 .debug_ranges  0x00000168       0x18 C:\Users\student\Documents\mcu\Lib_CMSISv1p30_LPC17xx\Debug\libCMSISv1p30_LPC17xx.a(system_LPC17xx.o)
 .debug_ranges  0x00000180      0x108 C:\Users\student\Documents\mcu\Lib_FatFs_SD\Debug\libLib_FatFs_SD.a(ff.o)
 .debug_ranges  0x00000288       0xa0 C:\Users\student\Documents\mcu\Lib_FatFs_SD\Debug\libLib_FatFs_SD.a(mmc.o)
 .debug_ranges  0x00000328       0x38 C:\Users\student\Documents\mcu\Lib_EaBaseBoard\Debug\libLib_EaBaseBoard.a(eeprom.o)
 .debug_ranges  0x00000360       0x18 C:\Users\student\Documents\mcu\Lib_EaBaseBoard\Debug\libLib_EaBaseBoard.a(joystick.o)
 .debug_ranges  0x00000378       0x80 C:\Users\student\Documents\mcu\Lib_EaBaseBoard\Debug\libLib_EaBaseBoard.a(oled.o)
 .debug_ranges  0x000003f8       0x70 C:\Users\student\Documents\mcu\Lib_MCU\Debug\libLib_MCU.a(lpc17xx_adc.o)
 .debug_ranges  0x00000468       0x50 C:\Users\student\Documents\mcu\Lib_MCU\Debug\libLib_MCU.a(lpc17xx_clkpwr.o)
 .debug_ranges  0x000004b8       0x30 C:\Users\student\Documents\mcu\Lib_MCU\Debug\libLib_MCU.a(lpc17xx_dac.o)
 .debug_ranges  0x000004e8       0xe8 C:\Users\student\Documents\mcu\Lib_MCU\Debug\libLib_MCU.a(lpc17xx_gpio.o)
 .debug_ranges  0x000005d0       0xc0 C:\Users\student\Documents\mcu\Lib_MCU\Debug\libLib_MCU.a(lpc17xx_i2c.o)
 .debug_ranges  0x00000690       0x10 C:\Users\student\Documents\mcu\Lib_MCU\Debug\libLib_MCU.a(lpc17xx_libcfg_default.o)
 .debug_ranges  0x000006a0       0x38 C:\Users\student\Documents\mcu\Lib_MCU\Debug\libLib_MCU.a(lpc17xx_pinsel.o)
 .debug_ranges  0x000006d8       0xa8 C:\Users\student\Documents\mcu\Lib_MCU\Debug\libLib_MCU.a(lpc17xx_rtc.o)
 .debug_ranges  0x00000780       0x98 C:\Users\student\Documents\mcu\Lib_MCU\Debug\libLib_MCU.a(lpc17xx_ssp.o)
 .debug_ranges  0x00000818       0xa8 C:\Users\student\Documents\mcu\Lib_MCU\Debug\libLib_MCU.a(lpc17xx_timer.o)
 .debug_ranges  0x000008c0       0xf8 C:\Users\student\Documents\mcu\Lib_MCU\Debug\libLib_MCU.a(lpc17xx_uart.o)

.debug_macro    0x00000000     0x81f1
 .debug_macro   0x00000000       0x79 ./src/cr_startup_lpc17.o
 .debug_macro   0x00000079      0xa66 ./src/cr_startup_lpc17.o
 .debug_macro   0x00000adf       0x22 ./src/cr_startup_lpc17.o
 .debug_macro   0x00000b01       0x8e ./src/cr_startup_lpc17.o
 .debug_macro   0x00000b8f       0x51 ./src/cr_startup_lpc17.o
 .debug_macro   0x00000be0       0xef ./src/cr_startup_lpc17.o
 .debug_macro   0x00000ccf       0x6a ./src/cr_startup_lpc17.o
 .debug_macro   0x00000d39      0x1df ./src/cr_startup_lpc17.o
 .debug_macro   0x00000f18      0x2e1 ./src/mainApp.o
 .debug_macro   0x000011f9       0x1c ./src/mainApp.o
 .debug_macro   0x00001215       0x22 ./src/mainApp.o
 .debug_macro   0x00001237      0x7b7 ./src/mainApp.o
 .debug_macro   0x000019ee      0x2c7 ./src/mainApp.o
 .debug_macro   0x00001cb5       0x64 ./src/mainApp.o
 .debug_macro   0x00001d19      0x140 ./src/mainApp.o
 .debug_macro   0x00001e59       0x46 ./src/mainApp.o
 .debug_macro   0x00001e9f      0x192 ./src/mainApp.o
 .debug_macro   0x00002031      0x2a6 ./src/mainApp.o
 .debug_macro   0x000022d7       0xee ./src/mainApp.o
 .debug_macro   0x000023c5       0x40 ./src/mainApp.o
 .debug_macro   0x00002405       0xed ./src/mainApp.o
 .debug_macro   0x000024f2      0x33f ./src/mainApp.o
 .debug_macro   0x00002831      0x1b0 ./src/mainApp.o
 .debug_macro   0x000029e1       0x28 ./src/mainApp.o
 .debug_macro   0x00002a09       0xb2 ./src/mainApp.o
 .debug_macro   0x00002abb       0x1c ./src/mainApp.o
 .debug_macro   0x00002ad7       0x16 ./src/mainApp.o
 .debug_macro   0x00002aed       0x1c ./src/mainApp.o
 .debug_macro   0x00002b09       0x5e ./src/mainApp.o
 .debug_macro   0x00002b67       0x18 ./src/mainApp.o
 .debug_macro   0x00002b7f       0x35 ./src/mainApp.o
 .debug_macro   0x00002bb4       0x34 ./src/mainApp.o
 .debug_macro   0x00002be8       0x16 ./src/mainApp.o
 .debug_macro   0x00002bfe       0x97 ./src/mainApp.o
 .debug_macro   0x00002c95      0x330 ./src/mainApp.o
 .debug_macro   0x00002fc5       0xfd ./src/mainApp.o
 .debug_macro   0x000030c2       0x10 ./src/mainApp.o
 .debug_macro   0x000030d2       0x58 ./src/mainApp.o
 .debug_macro   0x0000312a       0x1f ./src/mainApp.o
 .debug_macro   0x00003149       0x43 ./src/mainApp.o
 .debug_macro   0x0000318c       0x20 ./src/mainApp.o
 .debug_macro   0x000031ac      0x18e ./src/mainApp.o
 .debug_macro   0x0000333a       0x10 ./src/mainApp.o
 .debug_macro   0x0000334a       0x1c ./src/mainApp.o
 .debug_macro   0x00003366       0x52 ./src/mainApp.o
 .debug_macro   0x000033b8       0x40 ./src/mainApp.o
 .debug_macro   0x000033f8       0x10 ./src/mainApp.o
 .debug_macro   0x00003408       0x40 ./src/mainApp.o
 .debug_macro   0x00003448       0xd7 ./src/mainApp.o
 .debug_macro   0x0000351f       0x1c ./src/mainApp.o
 .debug_macro   0x0000353b       0x3d ./src/mainApp.o
 .debug_macro   0x00003578       0x16 ./src/mainApp.o
 .debug_macro   0x0000358e      0x16f ./src/mainApp.o
 .debug_macro   0x000036fd       0x7b ./src/mainApp.o
 .debug_macro   0x00003778      0x24e ./src/mainApp.o
 .debug_macro   0x000039c6       0xa0 ./src/mainApp.o
 .debug_macro   0x00003a66      0x1e1 ./src/mainApp.o
 .debug_macro   0x00003c47      0x256 ./src/wavReader.o
 .debug_macro   0x00003e9d       0x3a ./src/wavReader.o
 .debug_macro   0x00003ed7      0x174 ./src/wavReader.o
 .debug_macro   0x0000404b       0x16 ./src/wavReader.o
 .debug_macro   0x00004061       0x35 ./src/wavReader.o
 .debug_macro   0x00004096       0x10 ./src/wavReader.o
 .debug_macro   0x000040a6       0x10 ./src/wavReader.o
 .debug_macro   0x000040b6       0x35 ./src/wavReader.o
 .debug_macro   0x000040eb       0x28 ./src/wavReader.o
 .debug_macro   0x00004113      0x113 C:\Users\student\Documents\mcu\Lib_CMSISv1p30_LPC17xx\Debug\libCMSISv1p30_LPC17xx.a(system_LPC17xx.o)
 .debug_macro   0x00004226      0xa60 C:\Users\student\Documents\mcu\Lib_CMSISv1p30_LPC17xx\Debug\libCMSISv1p30_LPC17xx.a(system_LPC17xx.o)
 .debug_macro   0x00004c86       0x10 C:\Users\student\Documents\mcu\Lib_CMSISv1p30_LPC17xx\Debug\libCMSISv1p30_LPC17xx.a(system_LPC17xx.o)
 .debug_macro   0x00004c96      0x12d C:\Users\student\Documents\mcu\Lib_CMSISv1p30_LPC17xx\Debug\libCMSISv1p30_LPC17xx.a(system_LPC17xx.o)
 .debug_macro   0x00004dc3      0x5b2 C:\Users\student\Documents\mcu\Lib_CMSISv1p30_LPC17xx\Debug\libCMSISv1p30_LPC17xx.a(system_LPC17xx.o)
 .debug_macro   0x00005375      0x7d5 C:\Users\student\Documents\mcu\Lib_CMSISv1p30_LPC17xx\Debug\libCMSISv1p30_LPC17xx.a(system_LPC17xx.o)
 .debug_macro   0x00005b4a       0xf3 C:\Users\student\Documents\mcu\Lib_FatFs_SD\Debug\libLib_FatFs_SD.a(ff.o)
 .debug_macro   0x00005c3d      0x1aa C:\Users\student\Documents\mcu\Lib_FatFs_SD\Debug\libLib_FatFs_SD.a(ff.o)
 .debug_macro   0x00005de7      0x11f C:\Users\student\Documents\mcu\Lib_FatFs_SD\Debug\libLib_FatFs_SD.a(mmc.o)
 .debug_macro   0x00005f06      0x2a0 C:\Users\student\Documents\mcu\Lib_FatFs_SD\Debug\libLib_FatFs_SD.a(mmc.o)
 .debug_macro   0x000061a6       0x10 C:\Users\student\Documents\mcu\Lib_FatFs_SD\Debug\libLib_FatFs_SD.a(mmc.o)
 .debug_macro   0x000061b6       0x94 C:\Users\student\Documents\mcu\Lib_FatFs_SD\Debug\libLib_FatFs_SD.a(mmc.o)
 .debug_macro   0x0000624a       0xd5 C:\Users\student\Documents\mcu\Lib_EaBaseBoard\Debug\libLib_EaBaseBoard.a(eeprom.o)
 .debug_macro   0x0000631f      0x18c C:\Users\student\Documents\mcu\Lib_EaBaseBoard\Debug\libLib_EaBaseBoard.a(eeprom.o)
 .debug_macro   0x000064ab       0x9a C:\Users\student\Documents\mcu\Lib_EaBaseBoard\Debug\libLib_EaBaseBoard.a(eeprom.o)
 .debug_macro   0x00006545       0x83 C:\Users\student\Documents\mcu\Lib_EaBaseBoard\Debug\libLib_EaBaseBoard.a(joystick.o)
 .debug_macro   0x000065c8       0x40 C:\Users\student\Documents\mcu\Lib_EaBaseBoard\Debug\libLib_EaBaseBoard.a(joystick.o)
 .debug_macro   0x00006608       0xdd C:\Users\student\Documents\mcu\Lib_EaBaseBoard\Debug\libLib_EaBaseBoard.a(oled.o)
 .debug_macro   0x000066e5       0x5d C:\Users\student\Documents\mcu\Lib_EaBaseBoard\Debug\libLib_EaBaseBoard.a(oled.o)
 .debug_macro   0x00006742       0x1a C:\Users\student\Documents\mcu\Lib_EaBaseBoard\Debug\libLib_EaBaseBoard.a(font5x7.o)
 .debug_macro   0x0000675c      0x696 C:\Users\student\Documents\mcu\Lib_EaBaseBoard\Debug\libLib_EaBaseBoard.a(font5x7.o)
 .debug_macro   0x00006df2       0x8c C:\Users\student\Documents\mcu\Lib_MCU\Debug\libLib_MCU.a(lpc17xx_adc.o)
 .debug_macro   0x00006e7e       0xe8 C:\Users\student\Documents\mcu\Lib_MCU\Debug\libLib_MCU.a(lpc17xx_adc.o)
 .debug_macro   0x00006f66      0x2fa C:\Users\student\Documents\mcu\Lib_MCU\Debug\libLib_MCU.a(lpc17xx_adc.o)
 .debug_macro   0x00007260       0xda C:\Users\student\Documents\mcu\Lib_MCU\Debug\libLib_MCU.a(lpc17xx_adc.o)
 .debug_macro   0x0000733a       0x7a C:\Users\student\Documents\mcu\Lib_MCU\Debug\libLib_MCU.a(lpc17xx_clkpwr.o)
 .debug_macro   0x000073b4      0x2f4 C:\Users\student\Documents\mcu\Lib_MCU\Debug\libLib_MCU.a(lpc17xx_clkpwr.o)
 .debug_macro   0x000076a8       0x8c C:\Users\student\Documents\mcu\Lib_MCU\Debug\libLib_MCU.a(lpc17xx_dac.o)
 .debug_macro   0x00007734       0x83 C:\Users\student\Documents\mcu\Lib_MCU\Debug\libLib_MCU.a(lpc17xx_gpio.o)
 .debug_macro   0x000077b7       0x95 C:\Users\student\Documents\mcu\Lib_MCU\Debug\libLib_MCU.a(lpc17xx_i2c.o)
 .debug_macro   0x0000784c      0x146 C:\Users\student\Documents\mcu\Lib_MCU\Debug\libLib_MCU.a(lpc17xx_i2c.o)
 .debug_macro   0x00007992       0x5a C:\Users\student\Documents\mcu\Lib_MCU\Debug\libLib_MCU.a(lpc17xx_libcfg_default.o)
 .debug_macro   0x000079ec       0x5e C:\Users\student\Documents\mcu\Lib_MCU\Debug\libLib_MCU.a(lpc17xx_libcfg_default.o)
 .debug_macro   0x00007a4a       0xd4 C:\Users\student\Documents\mcu\Lib_MCU\Debug\libLib_MCU.a(lpc17xx_libcfg_default.o)
 .debug_macro   0x00007b1e       0x7a C:\Users\student\Documents\mcu\Lib_MCU\Debug\libLib_MCU.a(lpc17xx_pinsel.o)
 .debug_macro   0x00007b98       0x8c C:\Users\student\Documents\mcu\Lib_MCU\Debug\libLib_MCU.a(lpc17xx_rtc.o)
 .debug_macro   0x00007c24       0x8c C:\Users\student\Documents\mcu\Lib_MCU\Debug\libLib_MCU.a(lpc17xx_ssp.o)
 .debug_macro   0x00007cb0       0x95 C:\Users\student\Documents\mcu\Lib_MCU\Debug\libLib_MCU.a(lpc17xx_timer.o)
 .debug_macro   0x00007d45       0xe7 C:\Users\student\Documents\mcu\Lib_MCU\Debug\libLib_MCU.a(lpc17xx_timer.o)
 .debug_macro   0x00007e2c       0x8c C:\Users\student\Documents\mcu\Lib_MCU\Debug\libLib_MCU.a(lpc17xx_uart.o)
 .debug_macro   0x00007eb8      0x339 C:\Users\student\Documents\mcu\Lib_MCU\Debug\libLib_MCU.a(lpc17xx_uart.o)

.debug_line     0x00000000     0x6aea
 .debug_line    0x00000000      0x3f3 ./src/cr_startup_lpc17.o
 .debug_line    0x000003f3      0x93e ./src/mainApp.o
 .debug_line    0x00000d31      0x6d1 ./src/wavReader.o
 .debug_line    0x00001402      0x25c C:\Users\student\Documents\mcu\Lib_CMSISv1p30_LPC17xx\Debug\libCMSISv1p30_LPC17xx.a(system_LPC17xx.o)
 .debug_line    0x0000165e      0xb27 C:\Users\student\Documents\mcu\Lib_FatFs_SD\Debug\libLib_FatFs_SD.a(ff.o)
 .debug_line    0x00002185      0x621 C:\Users\student\Documents\mcu\Lib_FatFs_SD\Debug\libLib_FatFs_SD.a(mmc.o)
 .debug_line    0x000027a6      0x33f C:\Users\student\Documents\mcu\Lib_EaBaseBoard\Debug\libLib_EaBaseBoard.a(eeprom.o)
 .debug_line    0x00002ae5      0x28d C:\Users\student\Documents\mcu\Lib_EaBaseBoard\Debug\libLib_EaBaseBoard.a(joystick.o)
 .debug_line    0x00002d72      0x5a8 C:\Users\student\Documents\mcu\Lib_EaBaseBoard\Debug\libLib_EaBaseBoard.a(oled.o)
 .debug_line    0x0000331a       0x74 C:\Users\student\Documents\mcu\Lib_EaBaseBoard\Debug\libLib_EaBaseBoard.a(font5x7.o)
 .debug_line    0x0000338e      0x443 C:\Users\student\Documents\mcu\Lib_MCU\Debug\libLib_MCU.a(lpc17xx_adc.o)
 .debug_line    0x000037d1      0x30a C:\Users\student\Documents\mcu\Lib_MCU\Debug\libLib_MCU.a(lpc17xx_clkpwr.o)
 .debug_line    0x00003adb      0x2d9 C:\Users\student\Documents\mcu\Lib_MCU\Debug\libLib_MCU.a(lpc17xx_dac.o)
 .debug_line    0x00003db4      0x515 C:\Users\student\Documents\mcu\Lib_MCU\Debug\libLib_MCU.a(lpc17xx_gpio.o)
 .debug_line    0x000042c9      0x734 C:\Users\student\Documents\mcu\Lib_MCU\Debug\libLib_MCU.a(lpc17xx_i2c.o)
 .debug_line    0x000049fd      0x1da C:\Users\student\Documents\mcu\Lib_MCU\Debug\libLib_MCU.a(lpc17xx_libcfg_default.o)
 .debug_line    0x00004bd7      0x2a9 C:\Users\student\Documents\mcu\Lib_MCU\Debug\libLib_MCU.a(lpc17xx_pinsel.o)
 .debug_line    0x00004e80      0x6cc C:\Users\student\Documents\mcu\Lib_MCU\Debug\libLib_MCU.a(lpc17xx_rtc.o)
 .debug_line    0x0000554c      0x5bf C:\Users\student\Documents\mcu\Lib_MCU\Debug\libLib_MCU.a(lpc17xx_ssp.o)
 .debug_line    0x00005b0b      0x668 C:\Users\student\Documents\mcu\Lib_MCU\Debug\libLib_MCU.a(lpc17xx_timer.o)
 .debug_line    0x00006173      0x977 C:\Users\student\Documents\mcu\Lib_MCU\Debug\libLib_MCU.a(lpc17xx_uart.o)

.debug_str      0x00000000    0x19b5b
 .debug_str     0x00000000     0x3bc6 ./src/cr_startup_lpc17.o
                               0x3d35 (size before relaxing)
 .debug_str     0x00003bc6     0xf40a ./src/mainApp.o
                              0x13206 (size before relaxing)
 .debug_str     0x00012fd0      0x484 ./src/wavReader.o
                               0xe44f (size before relaxing)
 .debug_str     0x00013454     0x1a7f C:\Users\student\Documents\mcu\Lib_CMSISv1p30_LPC17xx\Debug\libCMSISv1p30_LPC17xx.a(system_LPC17xx.o)
                               0x878a (size before relaxing)
 .debug_str     0x00014ed3      0x2d0 C:\Users\student\Documents\mcu\Lib_FatFs_SD\Debug\libLib_FatFs_SD.a(ff.o)
                               0x9f9c (size before relaxing)
 .debug_str     0x000151a3      0x31c C:\Users\student\Documents\mcu\Lib_FatFs_SD\Debug\libLib_FatFs_SD.a(mmc.o)
                               0x9cc6 (size before relaxing)
 .debug_str     0x000154bf      0x4a2 C:\Users\student\Documents\mcu\Lib_EaBaseBoard\Debug\libLib_EaBaseBoard.a(eeprom.o)
                               0x9312 (size before relaxing)
 .debug_str     0x00015961       0x3a C:\Users\student\Documents\mcu\Lib_EaBaseBoard\Debug\libLib_EaBaseBoard.a(joystick.o)
                               0x87f7 (size before relaxing)
 .debug_str     0x0001599b      0x30e C:\Users\student\Documents\mcu\Lib_EaBaseBoard\Debug\libLib_EaBaseBoard.a(oled.o)
                               0xa40d (size before relaxing)
 .debug_str     0x00015ca9      0xe21 C:\Users\student\Documents\mcu\Lib_EaBaseBoard\Debug\libLib_EaBaseBoard.a(font5x7.o)
                               0x3ad8 (size before relaxing)
 .debug_str     0x00016aca     0x1637 C:\Users\student\Documents\mcu\Lib_MCU\Debug\libLib_MCU.a(lpc17xx_adc.o)
                               0xa360 (size before relaxing)
 .debug_str     0x00018101       0xcb C:\Users\student\Documents\mcu\Lib_MCU\Debug\libLib_MCU.a(lpc17xx_clkpwr.o)
                               0x997e (size before relaxing)
 .debug_str     0x000181cc      0x107 C:\Users\student\Documents\mcu\Lib_MCU\Debug\libLib_MCU.a(lpc17xx_dac.o)
                               0x9b3c (size before relaxing)
 .debug_str     0x000182d3      0x3a4 C:\Users\student\Documents\mcu\Lib_MCU\Debug\libLib_MCU.a(lpc17xx_gpio.o)
                               0x8cf8 (size before relaxing)
 .debug_str     0x00018677      0x32d C:\Users\student\Documents\mcu\Lib_MCU\Debug\libLib_MCU.a(lpc17xx_i2c.o)
                               0xacc6 (size before relaxing)
 .debug_str     0x000189a4       0x2d C:\Users\student\Documents\mcu\Lib_MCU\Debug\libLib_MCU.a(lpc17xx_libcfg_default.o)
                               0x46bb (size before relaxing)
 .debug_str     0x000189d1      0x202 C:\Users\student\Documents\mcu\Lib_MCU\Debug\libLib_MCU.a(lpc17xx_pinsel.o)
                               0x8c1f (size before relaxing)
 .debug_str     0x00018bd3      0x1db C:\Users\student\Documents\mcu\Lib_MCU\Debug\libLib_MCU.a(lpc17xx_rtc.o)
                               0xa4f5 (size before relaxing)
 .debug_str     0x00018dae      0x1b8 C:\Users\student\Documents\mcu\Lib_MCU\Debug\libLib_MCU.a(lpc17xx_ssp.o)
                               0xab7f (size before relaxing)
 .debug_str     0x00018f66      0x3fe C:\Users\student\Documents\mcu\Lib_MCU\Debug\libLib_MCU.a(lpc17xx_timer.o)
                               0xabe8 (size before relaxing)
 .debug_str     0x00019364      0x7f7 C:\Users\student\Documents\mcu\Lib_MCU\Debug\libLib_MCU.a(lpc17xx_uart.o)
                               0xb9f8 (size before relaxing)

.comment        0x00000000       0x7f
 .comment       0x00000000       0x7f ./src/cr_startup_lpc17.o
                                 0x80 (size before relaxing)
 .comment       0x0000007f       0x80 ./src/mainApp.o
 .comment       0x0000007f       0x80 ./src/wavReader.o
 .comment       0x0000007f       0x80 C:\Users\student\Documents\mcu\Lib_CMSISv1p30_LPC17xx\Debug\libCMSISv1p30_LPC17xx.a(system_LPC17xx.o)
 .comment       0x0000007f       0x80 C:\Users\student\Documents\mcu\Lib_FatFs_SD\Debug\libLib_FatFs_SD.a(ff.o)
 .comment       0x0000007f       0x80 C:\Users\student\Documents\mcu\Lib_FatFs_SD\Debug\libLib_FatFs_SD.a(mmc.o)
 .comment       0x0000007f       0x80 C:\Users\student\Documents\mcu\Lib_EaBaseBoard\Debug\libLib_EaBaseBoard.a(eeprom.o)
 .comment       0x0000007f       0x80 C:\Users\student\Documents\mcu\Lib_EaBaseBoard\Debug\libLib_EaBaseBoard.a(joystick.o)
 .comment       0x0000007f       0x80 C:\Users\student\Documents\mcu\Lib_EaBaseBoard\Debug\libLib_EaBaseBoard.a(oled.o)
 .comment       0x0000007f       0x80 C:\Users\student\Documents\mcu\Lib_EaBaseBoard\Debug\libLib_EaBaseBoard.a(font5x7.o)
 .comment       0x0000007f       0x80 C:\Users\student\Documents\mcu\Lib_MCU\Debug\libLib_MCU.a(lpc17xx_adc.o)
 .comment       0x0000007f       0x80 C:\Users\student\Documents\mcu\Lib_MCU\Debug\libLib_MCU.a(lpc17xx_clkpwr.o)
 .comment       0x0000007f       0x80 C:\Users\student\Documents\mcu\Lib_MCU\Debug\libLib_MCU.a(lpc17xx_dac.o)
 .comment       0x0000007f       0x80 C:\Users\student\Documents\mcu\Lib_MCU\Debug\libLib_MCU.a(lpc17xx_gpio.o)
 .comment       0x0000007f       0x80 C:\Users\student\Documents\mcu\Lib_MCU\Debug\libLib_MCU.a(lpc17xx_i2c.o)
 .comment       0x0000007f       0x80 C:\Users\student\Documents\mcu\Lib_MCU\Debug\libLib_MCU.a(lpc17xx_libcfg_default.o)
 .comment       0x0000007f       0x80 C:\Users\student\Documents\mcu\Lib_MCU\Debug\libLib_MCU.a(lpc17xx_pinsel.o)
 .comment       0x0000007f       0x80 C:\Users\student\Documents\mcu\Lib_MCU\Debug\libLib_MCU.a(lpc17xx_rtc.o)
 .comment       0x0000007f       0x80 C:\Users\student\Documents\mcu\Lib_MCU\Debug\libLib_MCU.a(lpc17xx_ssp.o)
 .comment       0x0000007f       0x80 C:\Users\student\Documents\mcu\Lib_MCU\Debug\libLib_MCU.a(lpc17xx_timer.o)
 .comment       0x0000007f       0x80 C:\Users\student\Documents\mcu\Lib_MCU\Debug\libLib_MCU.a(lpc17xx_uart.o)
 .comment       0x0000007f       0x80 c:/nxp/mcuxpressoide_10.3.0_2200/ide/plugins/com.nxp.mcuxpresso.tools.win32_10.3.0.201811011841/tools/bin/../lib/gcc/arm-none-eabi/7.3.1/../../../../arm-none-eabi/lib/thumb/v7-m\libcr_newlib_semihost.a(_cr_sbrk.o)
 .comment       0x0000007f       0x80 c:/nxp/mcuxpressoide_10.3.0_2200/ide/plugins/com.nxp.mcuxpresso.tools.win32_10.3.0.201811011841/tools/bin/../lib/gcc/arm-none-eabi/7.3.1/../../../../arm-none-eabi/lib/thumb/v7-m\libcr_newlib_semihost.a(_cr_check_heap.o)

.ARM.attributes
                0x00000000       0x31
 .ARM.attributes
                0x00000000       0x33 ./src/cr_startup_lpc17.o
 .ARM.attributes
                0x00000033       0x33 ./src/mainApp.o
 .ARM.attributes
                0x00000066       0x33 ./src/wavReader.o
 .ARM.attributes
                0x00000099       0x33 C:\Users\student\Documents\mcu\Lib_CMSISv1p30_LPC17xx\Debug\libCMSISv1p30_LPC17xx.a(system_LPC17xx.o)
 .ARM.attributes
                0x000000cc       0x33 C:\Users\student\Documents\mcu\Lib_FatFs_SD\Debug\libLib_FatFs_SD.a(ff.o)
 .ARM.attributes
                0x000000ff       0x33 C:\Users\student\Documents\mcu\Lib_FatFs_SD\Debug\libLib_FatFs_SD.a(mmc.o)
 .ARM.attributes
                0x00000132       0x33 C:\Users\student\Documents\mcu\Lib_EaBaseBoard\Debug\libLib_EaBaseBoard.a(eeprom.o)
 .ARM.attributes
                0x00000165       0x33 C:\Users\student\Documents\mcu\Lib_EaBaseBoard\Debug\libLib_EaBaseBoard.a(joystick.o)
 .ARM.attributes
                0x00000198       0x33 C:\Users\student\Documents\mcu\Lib_EaBaseBoard\Debug\libLib_EaBaseBoard.a(oled.o)
 .ARM.attributes
                0x000001cb       0x33 C:\Users\student\Documents\mcu\Lib_EaBaseBoard\Debug\libLib_EaBaseBoard.a(font5x7.o)
 .ARM.attributes
                0x000001fe       0x33 C:\Users\student\Documents\mcu\Lib_MCU\Debug\libLib_MCU.a(lpc17xx_adc.o)
 .ARM.attributes
                0x00000231       0x33 C:\Users\student\Documents\mcu\Lib_MCU\Debug\libLib_MCU.a(lpc17xx_clkpwr.o)
 .ARM.attributes
                0x00000264       0x33 C:\Users\student\Documents\mcu\Lib_MCU\Debug\libLib_MCU.a(lpc17xx_dac.o)
 .ARM.attributes